00:00 +0: loading C:/Users/rasche_j/Documents/workspace/everything-stack/test/bootstrap_test.dart
00:00 +0: C:/Users/rasche_j/Documents/workspace/everything-stack/test/bootstrap_test.dart: Bootstrap initializeEverythingStack with mocks initializes all services
Note: .env file not found, using compile-time environment variables
00:00 +1: C:/Users/rasche_j/Documents/workspace/everything-stack/test/bootstrap_test.dart: Bootstrap EverythingStackConfig.hasSyncConfig checks both url and key
00:00 +2: C:/Users/rasche_j/Documents/workspace/everything-stack/test/bootstrap_test.dart: Bootstrap EverythingStackConfig.hasEmbeddingConfig checks api keys
00:00 +3: C:/Users/rasche_j/Documents/workspace/everything-stack/test/bootstrap_test.dart: Bootstrap disposeEverythingStack cleans up services
Note: .env file not found, using compile-time environment variables
00:00 +4: C:/Users/rasche_j/Documents/workspace/everything-stack/test/domain/phase1_verification_test.dart: Q3: Personality serialization save and load with learned adaptation states
00:00 +5: C:/Users/rasche_j/Documents/workspace/everything-stack/test/domain/phase1_verification_test.dart: Q4: Task mixin composition Task works with both Invocable and Ownable mixins
00:00 +6: C:/Users/rasche_j/Documents/workspace/everything-stack/test/domain/phase1_verification_test.dart: Q5: Event inheritance Event extends BaseEntity but no @Entity annotation
00:00 +7: C:/Users/rasche_j/Documents/workspace/everything-stack/test/domain/phase1_verification_test.dart: Q6: Constructor instantiation Timer instantiates correctly
00:00 +8: C:/Users/rasche_j/Documents/workspace/everything-stack/test/domain/phase1_verification_test.dart: Q6: Constructor instantiation Task instantiates correctly
00:00 +9: C:/Users/rasche_j/Documents/workspace/everything-stack/test/domain/phase1_verification_test.dart: Q6: Constructor instantiation Personality instantiates correctly
00:00 +10: C:/Users/rasche_j/Documents/workspace/everything-stack/test/domain/phase1_verification_test.dart: Q7: Adaptation state embedding States stored as JSON strings in Personality
00:00 +11: C:/Users/rasche_j/Documents/workspace/everything-stack/test/domain/phase1_verification_test.dart: Additional: Namespace and Tool Namespace instantiates correctly
00:00 +12: C:/Users/rasche_j/Documents/workspace/everything-stack/test/domain/phase1_verification_test.dart: Additional: Namespace and Tool Tool instantiates with fullName
00:01 +13: C:/Users/rasche_j/Documents/workspace/everything-stack/test/domain/phase1_verification_test.dart: Additional: Namespace and Tool ContextManagerInvocation instantiates correctly
00:01 +14: C:/Users/rasche_j/Documents/workspace/everything-stack/test/domains/adaptation_state_test.dart: STTAdaptationState creates global state with defaults
00:01 +15: C:/Users/rasche_j/Documents/workspace/everything-stack/test/domains/adaptation_state_test.dart: STTAdaptationState creates user-scoped state
00:01 +16: C:/Users/rasche_j/Documents/workspace/everything-stack/test/domains/adaptation_state_test.dart: STTAdaptationState tracks version for optimistic locking
00:01 +17: C:/Users/rasche_j/Documents/workspace/everything-stack/test/domains/adaptation_state_test.dart: STTAdaptationState records last update reason
00:01 +18: C:/Users/rasche_j/Documents/workspace/everything-stack/test/domains/adaptation_state_test.dart: LLMAdaptationState creates state with prompt version
00:01 +19: C:/Users/rasche_j/Documents/workspace/everything-stack/test/domains/adaptation_state_test.dart: LLMAdaptationState updates temperature tuning
00:01 +20: C:/Users/rasche_j/Documents/workspace/everything-stack/test/domains/adaptation_state_test.dart: TTSAdaptationState creates state with voice settings
00:01 +21: C:/Users/rasche_j/Documents/workspace/everything-stack/test/domains/adaptation_state_test.dart: TTSAdaptationState updates voice settings
00:01 +22: C:/Users/rasche_j/Documents/workspace/everything-stack/test/domains/adaptation_state_test.dart: Multi-scope state management global state is shared baseline
00:01 +23: C:/Users/rasche_j/Documents/workspace/everything-stack/test/domains/adaptation_state_test.dart: Multi-scope state management user state can diverge from global
00:02 +24: C:/Users/rasche_j/Documents/workspace/everything-stack/test/domains/feedback_test.dart: Feedback Entity creates confirm feedback (no correction needed)
00:02 +25: C:/Users/rasche_j/Documents/workspace/everything-stack/test/domains/feedback_test.dart: Feedback Entity creates deny feedback (wrong, no correction)
00:03 +26: C:/Users/rasche_j/Documents/workspace/everything-stack/test/domains/feedback_test.dart: Feedback Entity creates correct feedback with data
00:03 +27: C:/Users/rasche_j/Documents/workspace/everything-stack/test/domains/feedback_test.dart: Feedback Entity creates ignore feedback (don't learn from this)
00:03 +28: C:/Users/rasche_j/Documents/workspace/everything-stack/test/domains/feedback_test.dart: Feedback Entity links feedback to turn context
00:03 +29: C:/Users/rasche_j/Documents/workspace/everything-stack/test/domains/feedback_test.dart: Feedback Entity records reason for feedback
00:03 +30: C:/Users/rasche_j/Documents/workspace/everything-stack/test/domains/feedback_test.dart: Feedback Entity timestamps feedback
00:03 +31: C:/Users/rasche_j/Documents/workspace/everything-stack/test/domains/feedback_test.dart: Feedback Entity handles null turnId (background/retry/test context)
00:03 +32: C:/Users/rasche_j/Documents/workspace/everything-stack/test/domains/feedback_test.dart: FeedbackAction enum has all four actions
00:03 +33: C:/Users/rasche_j/Documents/workspace/everything-stack/test/domains/feedback_test.dart: FeedbackAction enum can parse from string
00:04 +34 -1: loading C:/Users/rasche_j/Documents/workspace/everything-stack/test/integration/context_manager_integration_test.dart [E]
  Failed to load "C:/Users/rasche_j/Documents/workspace/everything-stack/test/integration/context_manager_integration_test.dart":
  Compilation failed for testPath=C:/Users/rasche_j/Documents/workspace/everything-stack/test/integration/context_manager_integration_test.dart: test/integration/context_manager_integration_test.dart:150:14: Error: Undefined name 'event'.
        expect(event.payload['transcription'], contains('timer'));
               ^^^^^
  .
00:04 +34 -1: C:/Users/rasche_j/Documents/workspace/everything-stack/test/integration/blob_store_integration_test.dart: FileService + BlobStore Integration Photo picking and storing pickPhoto returns metadata with UUID pointing to stored blob
00:04 +35 -1: C:/Users/rasche_j/Documents/workspace/everything-stack/test/integration/blob_store_integration_test.dart: FileService + BlobStore Integration Photo picking and storing Complete workflow: pick photo → verify stored → load → stream
00:04 +36 -1: C:/Users/rasche_j/Documents/workspace/everything-stack/test/integration/blob_store_integration_test.dart: FileService + BlobStore Integration Photo picking and storing Can stream photo from blob store with chunks
00:04 +37 -1: C:/Users/rasche_j/Documents/workspace/everything-stack/test/integration/blob_store_integration_test.dart: FileService + BlobStore Integration Video picking and storing pickVideo auto-stores bytes and returns valid metadata
00:04 +38 -1: C:/Users/rasche_j/Documents/workspace/everything-stack/test/integration/blob_store_integration_test.dart: FileService + BlobStore Integration Audio recording and storing recordAudio with duration auto-stores bytes
00:04 +39 -1: C:/Users/rasche_j/Documents/workspace/everything-stack/test/integration/blob_store_integration_test.dart: FileService + BlobStore Integration Audio recording and storing start/stop recording auto-stores bytes
00:04 +40 -1: C:/Users/rasche_j/Documents/workspace/everything-stack/test/integration/blob_store_integration_test.dart: FileService + BlobStore Integration FileStorable integration Entity with FileStorable can manage multiple attachments
00:04 +41 -1: C:/Users/rasche_j/Documents/workspace/everything-stack/test/integration/blob_store_integration_test.dart: FileService + BlobStore Integration FileStorable integration FileMetadata type detection works correctly
00:04 +42 -1: C:/Users/rasche_j/Documents/workspace/everything-stack/test/integration/blob_store_integration_test.dart: FileService + BlobStore Integration Error handling and edge cases Cannot load non-existent blob
00:04 +43 -1: C:/Users/rasche_j/Documents/workspace/everything-stack/test/integration/blob_store_integration_test.dart: FileService + BlobStore Integration Error handling and edge cases Cannot delete non-existent blob
00:04 +44 -1: C:/Users/rasche_j/Documents/workspace/everything-stack/test/integration/blob_store_integration_test.dart: FileService + BlobStore Integration Error handling and edge cases Can delete and then verify not contains
00:04 +45 -1: C:/Users/rasche_j/Documents/workspace/everything-stack/test/integration/blob_store_integration_test.dart: FileService + BlobStore Integration Error handling and edge cases Cancelling photo pick returns null, nothing stored
00:04 +46 -1: C:/Users/rasche_j/Documents/workspace/everything-stack/test/integration/blob_store_integration_test.dart: FileService + BlobStore Integration Error handling and edge cases File service dispose can be called
00:04 +47 -1: C:/Users/rasche_j/Documents/workspace/everything-stack/test/integration/blob_store_integration_test.dart: FileService + BlobStore Integration Error handling and edge cases Blob store dispose can be called
00:04 +48 -1: C:/Users/rasche_j/Documents/workspace/everything-stack/test/integration/blob_store_integration_test.dart: FileService + FileStorable + BlobStore Full Workflow Complete user flow: pick files, auto-stored, retrieve, delete
00:04 +49 -1: C:/Users/rasche_j/Documents/workspace/everything-stack/test/integration/blob_store_integration_test.dart: FileService + FileStorable + BlobStore Full Workflow Bytes retrieved from BlobStore match expected size
00:12 +50 -1: C:/Users/rasche_j/Documents/workspace/everything-stack/test/integration/context_manager_tts_end_to_end_test.dart: ContextManager TTS Recording - End-to-End handleEvent() persists ContextManagerInvocation with correlationId
GoogleTTSService initialized (API key validated)
TTS synthesis failed: TTSException: Google TTS API error: 400 (cause: {
  "error": {
    "code": 400,
    "message": "API key not valid. Please pass a valid API key.",
    "status": "INVALID_ARGUMENT",
    "details": [
      {
        "@type": "type.googleapis.com/google.rpc.ErrorInfo",
        "reason": "API_KEY_INVALID",
        "domain": "googleapis.com",
        "metadata": {
          "service": "texttospeech.googleapis.com"
        }
      },
      {
        "@type": "type.googleapis.com/google.rpc.LocalizedMessage",
        "locale": "en-US",
        "message": "API key not valid. Please pass a valid API key."
      }
    ]
  }
}
)
✓ ContextManagerInvocation persisted: test_corr_001
00:13 +51 -1: C:/Users/rasche_j/Documents/workspace/everything-stack/test/integration/context_manager_tts_end_to_end_test.dart: ContextManager TTS Recording - End-to-End GoogleTTSService.recordInvocation() persists TTSInvocation
GoogleTTSService initialized (API key validated)
✓ TTSInvocation persisted: test_corr_002
00:13 +52 -1: C:/Users/rasche_j/Documents/workspace/everything-stack/test/integration/context_manager_tts_end_to_end_test.dart: ContextManager TTS Recording - End-to-End All 4 repos record invocations with matching correlationId
GoogleTTSService initialized (API key validated)
TTS synthesis failed: TTSException: Google TTS API error: 400 (cause: {
  "error": {
    "code": 400,
    "message": "API key not valid. Please pass a valid API key.",
    "status": "INVALID_ARGUMENT",
    "details": [
      {
        "@type": "type.googleapis.com/google.rpc.ErrorInfo",
        "reason": "API_KEY_INVALID",
        "domain": "googleapis.com",
        "metadata": {
          "service": "texttospeech.googleapis.com"
        }
      },
      {
        "@type": "type.googleapis.com/google.rpc.LocalizedMessage",
        "locale": "en-US",
        "message": "API key not valid. Please pass a valid API key."
      }
    ]
  }
}
)
=== 4 Repository Verification ===
STTInvocation: 0 records
ContextManagerInvocation: 1 records
TTSInvocation: 1 records
LLMInvocation: 0 records
✓ All invocations have matching correlationId: test_corr_003
00:13 +53 -1: C:/Users/rasche_j/Documents/workspace/everything-stack/test/integration/event_invocation_threading_test.dart: Event → Invocation Threading (Phase B - Real Behavior) Services record invocations with recordInvocation()
00:13 +54 -1: C:/Users/rasche_j/Documents/workspace/everything-stack/test/integration/event_invocation_threading_test.dart: Event → Invocation Threading (Phase B - Real Behavior) Phase D: REAL event pipeline - publishEvent() triggers all 4 services
00:14 +55 -1: C:/Users/rasche_j/Documents/workspace/everything-stack/test/integration/event_invocation_threading_test.dart: Event → Invocation Threading (Phase B - Real Behavior) Phase D REAL: Event pipeline triggers LLM + TTS (NOW WIRED)
00:14 +56 -1: C:/Users/rasche_j/Documents/workspace/everything-stack/test/integration/event_invocation_threading_test.dart: Event → Invocation Threading (Phase B - Real Behavior) Phase D REAL: Event pipeline triggers LLM + TTS (NOW WIRED)
00:14 +56 -1: C:/Users/rasche_j/Documents/workspace/everything-stack/test/integration/supabase_sync_test.dart: Supabase Sync - E2E Tests Push entity to Supabase - create local → sync → verify in remote
SKIPPED: SUPABASE_URL not set - skipping E2E test
00:14 +57 -1: C:/Users/rasche_j/Documents/workspace/everything-stack/test/integration/event_invocation_threading_test.dart: Event → Invocation Threading (Phase B - Real Behavior) Phase D REAL: Event pipeline triggers LLM + TTS (NOW WIRED)
00:14 +57 -1: C:/Users/rasche_j/Documents/workspace/everything-stack/test/integration/supabase_sync_test.dart: Supabase Sync - E2E Tests Pull entity from Supabase - entity in remote → pull → verify data
SKIPPED: SUPABASE_URL not set - skipping E2E test
00:14 +58 -1: C:/Users/rasche_j/Documents/workspace/everything-stack/test/integration/event_invocation_threading_test.dart: Event → Invocation Threading (Phase B - Real Behavior) Phase D REAL: Event pipeline triggers LLM + TTS (NOW WIRED)
00:14 +58 -1: C:/Users/rasche_j/Documents/workspace/everything-stack/test/integration/supabase_sync_test.dart: Supabase Sync - E2E Tests Round-trip sync - create → push → verify → delete local simulation
SKIPPED: SUPABASE_URL not set - skipping E2E test
00:14 +59 -1: C:/Users/rasche_j/Documents/workspace/everything-stack/test/integration/event_invocation_threading_test.dart: Event → Invocation Threading (Phase B - Real Behavior) Phase D REAL: Event pipeline triggers LLM + TTS (NOW WIRED)
00:14 +59 -1: C:/Users/rasche_j/Documents/workspace/everything-stack/test/integration/supabase_sync_test.dart: Supabase Sync - E2E Tests Last-write-wins conflict - newer updated_at wins
SKIPPED: SUPABASE_URL not set - skipping E2E test
00:14 +60 -1: C:/Users/rasche_j/Documents/workspace/everything-stack/test/integration/event_invocation_threading_test.dart: Event → Invocation Threading (Phase B - Real Behavior) Phase D REAL: Event pipeline triggers LLM + TTS (NOW WIRED)
00:14 +60 -1: C:/Users/rasche_j/Documents/workspace/everything-stack/test/integration/supabase_sync_test.dart: Supabase Sync - E2E Tests Blob sync - upload bytes → verify in Storage → download
SKIPPED: SUPABASE_URL not set - skipping E2E test
00:14 +61 -1: C:/Users/rasche_j/Documents/workspace/everything-stack/test/integration/event_invocation_threading_test.dart: Event → Invocation Threading (Phase B - Real Behavior) Phase D REAL: Event pipeline triggers LLM + TTS (NOW WIRED)
00:14 +61 -1: C:/Users/rasche_j/Documents/workspace/everything-stack/test/integration/supabase_sync_test.dart: Supabase Sync - E2E Tests Offline behavior - operations return gracefully when simulating offline
SKIPPED: SUPABASE_URL not set - skipping E2E test
00:14 +62 -1: C:/Users/rasche_j/Documents/workspace/everything-stack/test/integration/event_invocation_threading_test.dart: Event → Invocation Threading (Phase B - Real Behavior) Phase D REAL: Event pipeline triggers LLM + TTS (NOW WIRED)
00:14 +62 -1: C:/Users/rasche_j/Documents/workspace/everything-stack/test/integration/supabase_sync_test.dart: Supabase Sync - E2E Tests Cleanup test data - verify deletion works
SKIPPED: SUPABASE_URL not set - skipping E2E test
00:14 +63 -1: C:/Users/rasche_j/Documents/workspace/everything-stack/test/integration/event_invocation_threading_test.dart: Event → Invocation Threading (Phase B - Real Behavior) Phase D REAL: Event pipeline triggers LLM + TTS (NOW WIRED)
00:14 +63 -1: C:/Users/rasche_j/Documents/workspace/everything-stack/test/integration/supabase_sync_test.dart: Supabase Sync - E2E Tests Sync status tracking - entity.syncStatus updates through local→syncing→synced flow
SKIPPED: SUPABASE_URL not set - skipping E2E test
00:14 +64 -1: C:/Users/rasche_j/Documents/workspace/everything-stack/test/integration/event_invocation_threading_test.dart: Event → Invocation Threading (Phase B - Real Behavior) Phase D REAL: Event pipeline triggers LLM + TTS (NOW WIRED)
00:14 +65 -1: C:/Users/rasche_j/Documents/workspace/everything-stack/test/integration/event_invocation_threading_test.dart: Event → Invocation Threading (Phase B - Real Behavior) PROOF: ContextManager code includes TTS recording call
✓ PROOF: ContextManager.handleEvent() code contains TTS recording logic
✓ TTSInvocation is created with event.correlationId
✓ ttsService.recordInvocation() is called explicitly
✓ ttsService.synthesize() is called after recording
00:16 +66 -1: C:/Users/rasche_j/Documents/workspace/everything-stack/test/integration/voice_assistant_orchestrator_integration_test.dart: VoiceAssistantOrchestrator Integration Tests processAudioStream: Full pipeline - audio → transcript → LLM → TTS → result
00:17 +67 -1: C:/Users/rasche_j/Documents/workspace/everything-stack/test/patterns/file_storable_test.dart: FileMetadata FileMetadata stores all required fields
00:17 +68 -1: C:/Users/rasche_j/Documents/workspace/everything-stack/test/patterns/file_storable_test.dart: FileMetadata FileMetadata thumbnailBase64 can be null
00:17 +69 -1: C:/Users/rasche_j/Documents/workspace/everything-stack/test/patterns/file_storable_test.dart: FileMetadata FileMetadata isImage returns true for image MIME types
00:17 +70 -1: C:/Users/rasche_j/Documents/workspace/everything-stack/test/patterns/file_storable_test.dart: FileMetadata FileMetadata isAudio returns true for audio MIME types
00:17 +71 -1: C:/Users/rasche_j/Documents/workspace/everything-stack/test/patterns/file_storable_test.dart: FileMetadata FileMetadata isVideo returns true for video MIME types
00:17 +72 -1: C:/Users/rasche_j/Documents/workspace/everything-stack/test/patterns/file_storable_test.dart: FileStorable mixin Attachment management entity starts with empty attachments list
00:17 +73 -1: C:/Users/rasche_j/Documents/workspace/everything-stack/test/patterns/file_storable_test.dart: FileStorable mixin Attachment management addAttachment adds file metadata
00:17 +74 -1: C:/Users/rasche_j/Documents/workspace/everything-stack/test/patterns/file_storable_test.dart: FileStorable mixin Attachment management addAttachment adds multiple attachments
00:17 +75 -1: C:/Users/rasche_j/Documents/workspace/everything-stack/test/patterns/file_storable_test.dart: FileStorable mixin Attachment management removeAttachment by uuid removes matching attachment
00:17 +76 -1: C:/Users/rasche_j/Documents/workspace/everything-stack/test/patterns/file_storable_test.dart: FileStorable mixin Attachment management removeAttachment returns true if found
00:17 +77 -1: C:/Users/rasche_j/Documents/workspace/everything-stack/test/patterns/file_storable_test.dart: FileStorable mixin Attachment management removeAttachment returns false if not found
00:17 +78 -1: C:/Users/rasche_j/Documents/workspace/everything-stack/test/patterns/file_storable_test.dart: FileStorable mixin Attachment management getAttachment returns matching attachment
00:17 +79 -1: C:/Users/rasche_j/Documents/workspace/everything-stack/test/patterns/file_storable_test.dart: FileStorable mixin Attachment management getAttachment returns null if not found
00:17 +80 -1: C:/Users/rasche_j/Documents/workspace/everything-stack/test/patterns/file_storable_test.dart: FileStorable mixin Attachment queries hasAttachments returns true when attachments exist
00:17 +81 -1: C:/Users/rasche_j/Documents/workspace/everything-stack/test/patterns/file_storable_test.dart: FileStorable mixin Attachment queries hasAttachments returns false when empty
00:17 +82 -1: C:/Users/rasche_j/Documents/workspace/everything-stack/test/patterns/file_storable_test.dart: FileStorable mixin Attachment queries imageAttachments returns only image files
00:17 +83 -1: C:/Users/rasche_j/Documents/workspace/everything-stack/test/patterns/file_storable_test.dart: FileStorable mixin Attachment queries audioAttachments returns only audio files
00:17 +84 -1: C:/Users/rasche_j/Documents/workspace/everything-stack/test/patterns/file_storable_test.dart: FileStorable mixin Attachment queries videoAttachments returns only video files
00:17 +85 -1: C:/Users/rasche_j/Documents/workspace/everything-stack/test/patterns/file_storable_test.dart: FileStorable mixin Attachment queries totalAttachmentSize returns sum of all sizes
00:17 +86 -1: C:/Users/rasche_j/Documents/workspace/everything-stack/test/patterns/file_storable_test.dart: FileStorable mixin Attachment queries totalAttachmentSize returns 0 when empty
00:19 +87 -1: C:/Users/rasche_j/Documents/workspace/everything-stack/test/persistence/indexeddb/task_indexeddb_adapter_test.dart: TaskIndexedDBAdapter - CRUD Operations save and retrieve task
00:19 +88 -1: C:/Users/rasche_j/Documents/workspace/everything-stack/test/persistence/indexeddb/task_indexeddb_adapter_test.dart: TaskIndexedDBAdapter - CRUD Operations update task and verify changes
00:19 +89 -1: C:/Users/rasche_j/Documents/workspace/everything-stack/test/persistence/indexeddb/task_indexeddb_adapter_test.dart: TaskIndexedDBAdapter - CRUD Operations delete task
00:19 +90 -1: C:/Users/rasche_j/Documents/workspace/everything-stack/test/persistence/indexeddb/task_indexeddb_adapter_test.dart: TaskIndexedDBAdapter - CRUD Operations findAll returns all tasks
00:19 +91 -1: C:/Users/rasche_j/Documents/workspace/everything-stack/test/persistence/indexeddb/task_indexeddb_adapter_test.dart: TaskIndexedDBAdapter - CRUD Operations count returns correct number
00:19 +92 -1: C:/Users/rasche_j/Documents/workspace/everything-stack/test/persistence/indexeddb/task_indexeddb_adapter_test.dart: TaskIndexedDBAdapter - Task-Specific Queries findIncomplete returns only incomplete tasks
00:19 +93 -1: C:/Users/rasche_j/Documents/workspace/everything-stack/test/persistence/indexeddb/task_indexeddb_adapter_test.dart: TaskIndexedDBAdapter - Task-Specific Queries findCompleted returns only completed tasks
00:19 +94 -1: C:/Users/rasche_j/Documents/workspace/everything-stack/test/persistence/indexeddb/task_indexeddb_adapter_test.dart: TaskIndexedDBAdapter - Task-Specific Queries findOverdue returns tasks past due date
00:19 +95 -1: C:/Users/rasche_j/Documents/workspace/everything-stack/test/persistence/indexeddb/task_indexeddb_adapter_test.dart: TaskIndexedDBAdapter - Task-Specific Queries findByPriority filters by priority level
00:19 +96 -1: C:/Users/rasche_j/Documents/workspace/everything-stack/test/persistence/indexeddb/task_indexeddb_adapter_test.dart: TaskIndexedDBAdapter - Task-Specific Queries findByOwner returns tasks for specific user
00:19 +97 -1: C:/Users/rasche_j/Documents/workspace/everything-stack/test/persistence/indexeddb/task_indexeddb_adapter_test.dart: TaskIndexedDBAdapter - Cross-Platform Equivalence query results match ObjectBox behavior
00:20 +98 -1: C:/Users/rasche_j/Documents/workspace/everything-stack/test/persistence/indexeddb/timer_indexeddb_adapter_test.dart: TimerIndexedDBAdapter - CRUD Operations save and retrieve timer
00:20 +99 -1: C:/Users/rasche_j/Documents/workspace/everything-stack/test/persistence/indexeddb/timer_indexeddb_adapter_test.dart: TimerIndexedDBAdapter - CRUD Operations update timer and verify changes
00:20 +100 -1: C:/Users/rasche_j/Documents/workspace/everything-stack/test/persistence/indexeddb/timer_indexeddb_adapter_test.dart: TimerIndexedDBAdapter - CRUD Operations delete timer
00:20 +101 -1: C:/Users/rasche_j/Documents/workspace/everything-stack/test/persistence/indexeddb/timer_indexeddb_adapter_test.dart: TimerIndexedDBAdapter - CRUD Operations findAll returns all timers
00:20 +102 -1: C:/Users/rasche_j/Documents/workspace/everything-stack/test/persistence/indexeddb/timer_indexeddb_adapter_test.dart: TimerIndexedDBAdapter - CRUD Operations count returns correct number
00:20 +103 -1: C:/Users/rasche_j/Documents/workspace/everything-stack/test/persistence/indexeddb/timer_indexeddb_adapter_test.dart: TimerIndexedDBAdapter - Timer-Specific Queries findActive returns only active timers
00:20 +104 -1: C:/Users/rasche_j/Documents/workspace/everything-stack/test/persistence/indexeddb/timer_indexeddb_adapter_test.dart: TimerIndexedDBAdapter - Timer-Specific Queries findExpired returns only expired timers
00:20 +105 -1: C:/Users/rasche_j/Documents/workspace/everything-stack/test/persistence/indexeddb/timer_indexeddb_adapter_test.dart: TimerIndexedDBAdapter - Timer-Specific Queries findFired returns only fired timers
00:20 +106 -1: C:/Users/rasche_j/Documents/workspace/everything-stack/test/persistence/indexeddb/timer_indexeddb_adapter_test.dart: TimerIndexedDBAdapter - Timer-Specific Queries findByLabel returns timer with matching label
00:20 +107 -1: C:/Users/rasche_j/Documents/workspace/everything-stack/test/persistence/indexeddb/timer_indexeddb_adapter_test.dart: TimerIndexedDBAdapter - Time-Based Behavior timer state transitions correctly
00:21 +107 -1: C:/Users/rasche_j/Documents/workspace/everything-stack/test/persistence/indexeddb_initialization_test.dart: IndexedDB Initialization database opens successfully
IndexedDB upgrade: v0 → v1
Creating IndexedDB schema v1...
  Creating object store: notes
    Creating index: id on id
    Creating index: uuid on uuid
    Creating index: dbSyncStatus on dbSyncStatus
    Creating index: isPinned on isPinned
    Creating index: isArchived on isArchived
  Creating object store: edges
    Creating index: id on id
    Creating index: uuid on uuid
    Creating index: dbSyncStatus on dbSyncStatus
    Creating index: sourceUuid on sourceUuid
    Creating index: targetUuid on targetUuid
    Creating index: edgeType on edgeType
  Creating object store: entity_versions
    Creating index: id on id
    Creating index: uuid on uuid
    Creating index: dbSyncStatus on dbSyncStatus
    Creating index: entityUuid on entityUuid
    Creating index: entityType on entityType
  Creating object store: _hnsw_index
IndexedDB schema v1 created successfully
00:21 +108 -1: C:/Users/rasche_j/Documents/workspace/everything-stack/test/persistence/indexeddb/timer_indexeddb_adapter_test.dart: TimerIndexedDBAdapter - Time-Based Behavior timer state transitions correctly
00:21 +108 -1: C:/Users/rasche_j/Documents/workspace/everything-stack/test/persistence/indexeddb_initialization_test.dart: IndexedDB Initialization all object stores are created
IndexedDB upgrade: v0 → v1
Creating IndexedDB schema v1...
  Creating object store: notes
    Creating index: id on id
    Creating index: uuid on uuid
    Creating index: dbSyncStatus on dbSyncStatus
    Creating index: isPinned on isPinned
    Creating index: isArchived on isArchived
  Creating object store: edges
    Creating index: id on id
    Creating index: uuid on uuid
    Creating index: dbSyncStatus on dbSyncStatus
    Creating index: sourceUuid on sourceUuid
    Creating index: targetUuid on targetUuid
    Creating index: edgeType on edgeType
  Creating object store: entity_versions
    Creating index: id on id
    Creating index: uuid on uuid
    Creating index: dbSyncStatus on dbSyncStatus
    Creating index: entityUuid on entityUuid
    Creating index: entityType on entityType
  Creating object store: _hnsw_index
IndexedDB schema v1 created successfully
00:21 +109 -1: C:/Users/rasche_j/Documents/workspace/everything-stack/test/persistence/indexeddb/timer_indexeddb_adapter_test.dart: TimerIndexedDBAdapter - Time-Based Behavior timer state transitions correctly
00:21 +109 -1: C:/Users/rasche_j/Documents/workspace/everything-stack/test/persistence/indexeddb_initialization_test.dart: IndexedDB Initialization notes object store has correct indexes
IndexedDB upgrade: v0 → v1
Creating IndexedDB schema v1...
  Creating object store: notes
    Creating index: id on id
    Creating index: uuid on uuid
    Creating index: dbSyncStatus on dbSyncStatus
    Creating index: isPinned on isPinned
    Creating index: isArchived on isArchived
  Creating object store: edges
    Creating index: id on id
    Creating index: uuid on uuid
    Creating index: dbSyncStatus on dbSyncStatus
    Creating index: sourceUuid on sourceUuid
    Creating index: targetUuid on targetUuid
    Creating index: edgeType on edgeType
  Creating object store: entity_versions
    Creating index: id on id
    Creating index: uuid on uuid
    Creating index: dbSyncStatus on dbSyncStatus
    Creating index: entityUuid on entityUuid
    Creating index: entityType on entityType
  Creating object store: _hnsw_index
IndexedDB schema v1 created successfully
00:21 +110 -1: C:/Users/rasche_j/Documents/workspace/everything-stack/test/persistence/indexeddb/timer_indexeddb_adapter_test.dart: TimerIndexedDBAdapter - Time-Based Behavior timer state transitions correctly
00:21 +110 -1: C:/Users/rasche_j/Documents/workspace/everything-stack/test/persistence/indexeddb_initialization_test.dart: IndexedDB Initialization edges object store has correct indexes
IndexedDB upgrade: v0 → v1
Creating IndexedDB schema v1...
  Creating object store: notes
    Creating index: id on id
    Creating index: uuid on uuid
    Creating index: dbSyncStatus on dbSyncStatus
    Creating index: isPinned on isPinned
    Creating index: isArchived on isArchived
  Creating object store: edges
    Creating index: id on id
    Creating index: uuid on uuid
    Creating index: dbSyncStatus on dbSyncStatus
    Creating index: sourceUuid on sourceUuid
    Creating index: targetUuid on targetUuid
    Creating index: edgeType on edgeType
  Creating object store: entity_versions
    Creating index: id on id
    Creating index: uuid on uuid
    Creating index: dbSyncStatus on dbSyncStatus
    Creating index: entityUuid on entityUuid
    Creating index: entityType on entityType
  Creating object store: _hnsw_index
IndexedDB schema v1 created successfully
00:21 +111 -1: C:/Users/rasche_j/Documents/workspace/everything-stack/test/persistence/indexeddb/timer_indexeddb_adapter_test.dart: TimerIndexedDBAdapter - Time-Based Behavior timer state transitions correctly
00:21 +111 -1: C:/Users/rasche_j/Documents/workspace/everything-stack/test/persistence/indexeddb_initialization_test.dart: IndexedDB Initialization entity_versions object store has correct indexes
IndexedDB upgrade: v0 → v1
Creating IndexedDB schema v1...
  Creating object store: notes
    Creating index: id on id
    Creating index: uuid on uuid
    Creating index: dbSyncStatus on dbSyncStatus
    Creating index: isPinned on isPinned
    Creating index: isArchived on isArchived
  Creating object store: edges
    Creating index: id on id
    Creating index: uuid on uuid
    Creating index: dbSyncStatus on dbSyncStatus
    Creating index: sourceUuid on sourceUuid
    Creating index: targetUuid on targetUuid
    Creating index: edgeType on edgeType
  Creating object store: entity_versions
    Creating index: id on id
    Creating index: uuid on uuid
    Creating index: dbSyncStatus on dbSyncStatus
    Creating index: entityUuid on entityUuid
    Creating index: entityType on entityType
  Creating object store: _hnsw_index
IndexedDB schema v1 created successfully
00:21 +112 -1: C:/Users/rasche_j/Documents/workspace/everything-stack/test/persistence/indexeddb/timer_indexeddb_adapter_test.dart: TimerIndexedDBAdapter - Time-Based Behavior timer state transitions correctly
00:21 +112 -1: C:/Users/rasche_j/Documents/workspace/everything-stack/test/persistence/indexeddb_initialization_test.dart: IndexedDB Initialization _hnsw_index object store exists
IndexedDB upgrade: v0 → v1
Creating IndexedDB schema v1...
  Creating object store: notes
    Creating index: id on id
    Creating index: uuid on uuid
    Creating index: dbSyncStatus on dbSyncStatus
    Creating index: isPinned on isPinned
    Creating index: isArchived on isArchived
  Creating object store: edges
    Creating index: id on id
    Creating index: uuid on uuid
    Creating index: dbSyncStatus on dbSyncStatus
    Creating index: sourceUuid on sourceUuid
    Creating index: targetUuid on targetUuid
    Creating index: edgeType on edgeType
  Creating object store: entity_versions
    Creating index: id on id
    Creating index: uuid on uuid
    Creating index: dbSyncStatus on dbSyncStatus
    Creating index: entityUuid on entityUuid
    Creating index: entityType on entityType
  Creating object store: _hnsw_index
IndexedDB schema v1 created successfully
00:21 +113 -1: C:/Users/rasche_j/Documents/workspace/everything-stack/test/persistence/indexeddb/timer_indexeddb_adapter_test.dart: TimerIndexedDBAdapter - Time-Based Behavior timer state transitions correctly
00:21 +113 -1: C:/Users/rasche_j/Documents/workspace/everything-stack/test/persistence/indexeddb_initialization_test.dart: IndexedDB Adapters - CRUD Operations can save and retrieve a note
IndexedDB upgrade: v0 → v1
Creating IndexedDB schema v1...
  Creating object store: notes
    Creating index: id on id
    Creating index: uuid on uuid
    Creating index: dbSyncStatus on dbSyncStatus
    Creating index: isPinned on isPinned
    Creating index: isArchived on isArchived
  Creating object store: edges
    Creating index: id on id
    Creating index: uuid on uuid
    Creating index: dbSyncStatus on dbSyncStatus
    Creating index: sourceUuid on sourceUuid
    Creating index: targetUuid on targetUuid
    Creating index: edgeType on edgeType
  Creating object store: entity_versions
    Creating index: id on id
    Creating index: uuid on uuid
    Creating index: dbSyncStatus on dbSyncStatus
    Creating index: entityUuid on entityUuid
    Creating index: entityType on entityType
  Creating object store: _hnsw_index
IndexedDB schema v1 created successfully
00:21 +114 -1: C:/Users/rasche_j/Documents/workspace/everything-stack/test/persistence/indexeddb/timer_indexeddb_adapter_test.dart: TimerIndexedDBAdapter - Time-Based Behavior timer state transitions correctly
00:21 +114 -1: C:/Users/rasche_j/Documents/workspace/everything-stack/test/persistence/indexeddb_initialization_test.dart: IndexedDB Adapters - CRUD Operations can save and retrieve an edge
IndexedDB upgrade: v0 → v1
Creating IndexedDB schema v1...
  Creating object store: notes
    Creating index: id on id
    Creating index: uuid on uuid
    Creating index: dbSyncStatus on dbSyncStatus
    Creating index: isPinned on isPinned
    Creating index: isArchived on isArchived
  Creating object store: edges
    Creating index: id on id
    Creating index: uuid on uuid
    Creating index: dbSyncStatus on dbSyncStatus
    Creating index: sourceUuid on sourceUuid
    Creating index: targetUuid on targetUuid
    Creating index: edgeType on edgeType
  Creating object store: entity_versions
    Creating index: id on id
    Creating index: uuid on uuid
    Creating index: dbSyncStatus on dbSyncStatus
    Creating index: entityUuid on entityUuid
    Creating index: entityType on entityType
  Creating object store: _hnsw_index
IndexedDB schema v1 created successfully
00:21 +115 -1: C:/Users/rasche_j/Documents/workspace/everything-stack/test/persistence/indexeddb/timer_indexeddb_adapter_test.dart: TimerIndexedDBAdapter - Time-Based Behavior timer state transitions correctly
00:21 +115 -1: C:/Users/rasche_j/Documents/workspace/everything-stack/test/persistence/indexeddb_initialization_test.dart: IndexedDB Adapters - CRUD Operations can save and retrieve an entity version
IndexedDB upgrade: v0 → v1
Creating IndexedDB schema v1...
  Creating object store: notes
    Creating index: id on id
    Creating index: uuid on uuid
    Creating index: dbSyncStatus on dbSyncStatus
    Creating index: isPinned on isPinned
    Creating index: isArchived on isArchived
  Creating object store: edges
    Creating index: id on id
    Creating index: uuid on uuid
    Creating index: dbSyncStatus on dbSyncStatus
    Creating index: sourceUuid on sourceUuid
    Creating index: targetUuid on targetUuid
    Creating index: edgeType on edgeType
  Creating object store: entity_versions
    Creating index: id on id
    Creating index: uuid on uuid
    Creating index: dbSyncStatus on dbSyncStatus
    Creating index: entityUuid on entityUuid
    Creating index: entityType on entityType
  Creating object store: _hnsw_index
IndexedDB schema v1 created successfully
00:21 +116 -1: C:/Users/rasche_j/Documents/workspace/everything-stack/test/persistence/indexeddb/timer_indexeddb_adapter_test.dart: TimerIndexedDBAdapter - Time-Based Behavior timer state transitions correctly
00:21 +116 -1: C:/Users/rasche_j/Documents/workspace/everything-stack/test/persistence/indexeddb_initialization_test.dart: IndexedDB Adapters - CRUD Operations can update and delete entities
IndexedDB upgrade: v0 → v1
Creating IndexedDB schema v1...
  Creating object store: notes
    Creating index: id on id
    Creating index: uuid on uuid
    Creating index: dbSyncStatus on dbSyncStatus
    Creating index: isPinned on isPinned
    Creating index: isArchived on isArchived
  Creating object store: edges
    Creating index: id on id
    Creating index: uuid on uuid
    Creating index: dbSyncStatus on dbSyncStatus
    Creating index: sourceUuid on sourceUuid
    Creating index: targetUuid on targetUuid
    Creating index: edgeType on edgeType
  Creating object store: entity_versions
    Creating index: id on id
    Creating index: uuid on uuid
    Creating index: dbSyncStatus on dbSyncStatus
    Creating index: entityUuid on entityUuid
    Creating index: entityType on entityType
  Creating object store: _hnsw_index
IndexedDB schema v1 created successfully
00:21 +117 -1: C:/Users/rasche_j/Documents/workspace/everything-stack/test/persistence/indexeddb/timer_indexeddb_adapter_test.dart: TimerIndexedDBAdapter - Time-Based Behavior timer state transitions correctly
00:21 +117 -1: C:/Users/rasche_j/Documents/workspace/everything-stack/test/persistence/indexeddb_initialization_test.dart: IndexedDB Adapters - CRUD Operations findAll returns all entities
IndexedDB upgrade: v0 → v1
Creating IndexedDB schema v1...
  Creating object store: notes
    Creating index: id on id
    Creating index: uuid on uuid
    Creating index: dbSyncStatus on dbSyncStatus
    Creating index: isPinned on isPinned
    Creating index: isArchived on isArchived
  Creating object store: edges
    Creating index: id on id
    Creating index: uuid on uuid
    Creating index: dbSyncStatus on dbSyncStatus
    Creating index: sourceUuid on sourceUuid
    Creating index: targetUuid on targetUuid
    Creating index: edgeType on edgeType
  Creating object store: entity_versions
    Creating index: id on id
    Creating index: uuid on uuid
    Creating index: dbSyncStatus on dbSyncStatus
    Creating index: entityUuid on entityUuid
    Creating index: entityType on entityType
  Creating object store: _hnsw_index
IndexedDB schema v1 created successfully
00:22 +118 -1: C:/Users/rasche_j/Documents/workspace/everything-stack/test/persistence/indexeddb/timer_indexeddb_adapter_test.dart: TimerIndexedDBAdapter - Time-Based Behavior timer state transitions correctly
00:22 +118 -1: C:/Users/rasche_j/Documents/workspace/everything-stack/test/persistence/indexeddb_initialization_test.dart: IndexedDB Adapters - CRUD Operations count returns correct number of entities
IndexedDB upgrade: v0 → v1
Creating IndexedDB schema v1...
  Creating object store: notes
    Creating index: id on id
    Creating index: uuid on uuid
    Creating index: dbSyncStatus on dbSyncStatus
    Creating index: isPinned on isPinned
    Creating index: isArchived on isArchived
  Creating object store: edges
    Creating index: id on id
    Creating index: uuid on uuid
    Creating index: dbSyncStatus on dbSyncStatus
    Creating index: sourceUuid on sourceUuid
    Creating index: targetUuid on targetUuid
    Creating index: edgeType on edgeType
  Creating object store: entity_versions
    Creating index: id on id
    Creating index: uuid on uuid
    Creating index: dbSyncStatus on dbSyncStatus
    Creating index: entityUuid on entityUuid
    Creating index: entityType on entityType
  Creating object store: _hnsw_index
IndexedDB schema v1 created successfully
00:22 +119 -1: C:/Users/rasche_j/Documents/workspace/everything-stack/test/persistence/indexeddb/timer_indexeddb_adapter_test.dart: TimerIndexedDBAdapter - Time-Based Behavior timer state transitions correctly
00:22 +119 -1: C:/Users/rasche_j/Documents/workspace/everything-stack/test/persistence/indexeddb_initialization_test.dart: IndexedDB Indexes id index allows efficient findById
IndexedDB upgrade: v0 → v1
Creating IndexedDB schema v1...
  Creating object store: notes
    Creating index: id on id
    Creating index: uuid on uuid
    Creating index: dbSyncStatus on dbSyncStatus
    Creating index: isPinned on isPinned
    Creating index: isArchived on isArchived
  Creating object store: edges
    Creating index: id on id
    Creating index: uuid on uuid
    Creating index: dbSyncStatus on dbSyncStatus
    Creating index: sourceUuid on sourceUuid
    Creating index: targetUuid on targetUuid
    Creating index: edgeType on edgeType
  Creating object store: entity_versions
    Creating index: id on id
    Creating index: uuid on uuid
    Creating index: dbSyncStatus on dbSyncStatus
    Creating index: entityUuid on entityUuid
    Creating index: entityType on entityType
  Creating object store: _hnsw_index
IndexedDB schema v1 created successfully
00:22 +120 -1: C:/Users/rasche_j/Documents/workspace/everything-stack/test/persistence/indexeddb/timer_indexeddb_adapter_test.dart: TimerIndexedDBAdapter - Time-Based Behavior timer state transitions correctly
00:22 +120 -1: C:/Users/rasche_j/Documents/workspace/everything-stack/test/persistence/indexeddb_initialization_test.dart: IndexedDB Indexes uuid index is unique
IndexedDB upgrade: v0 → v1
Creating IndexedDB schema v1...
  Creating object store: notes
    Creating index: id on id
    Creating index: uuid on uuid
    Creating index: dbSyncStatus on dbSyncStatus
    Creating index: isPinned on isPinned
    Creating index: isArchived on isArchived
  Creating object store: edges
    Creating index: id on id
    Creating index: uuid on uuid
    Creating index: dbSyncStatus on dbSyncStatus
    Creating index: sourceUuid on sourceUuid
    Creating index: targetUuid on targetUuid
    Creating index: edgeType on edgeType
  Creating object store: entity_versions
    Creating index: id on id
    Creating index: uuid on uuid
    Creating index: dbSyncStatus on dbSyncStatus
    Creating index: entityUuid on entityUuid
    Creating index: entityType on entityType
  Creating object store: _hnsw_index
IndexedDB schema v1 created successfully
00:22 +121 -1: C:/Users/rasche_j/Documents/workspace/everything-stack/test/persistence/indexeddb/timer_indexeddb_adapter_test.dart: TimerIndexedDBAdapter - Time-Based Behavior timer state transitions correctly
00:22 +121 -1: C:/Users/rasche_j/Documents/workspace/everything-stack/test/persistence/indexeddb_initialization_test.dart: HNSW Persistence can save notes with embeddings and perform semantic search
IndexedDB upgrade: v0 → v1
Creating IndexedDB schema v1...
  Creating object store: notes
    Creating index: id on id
    Creating index: uuid on uuid
    Creating index: dbSyncStatus on dbSyncStatus
    Creating index: isPinned on isPinned
    Creating index: isArchived on isArchived
  Creating object store: edges
    Creating index: id on id
    Creating index: uuid on uuid
    Creating index: dbSyncStatus on dbSyncStatus
    Creating index: sourceUuid on sourceUuid
    Creating index: targetUuid on targetUuid
    Creating index: edgeType on edgeType
  Creating object store: entity_versions
    Creating index: id on id
    Creating index: uuid on uuid
    Creating index: dbSyncStatus on dbSyncStatus
    Creating index: entityUuid on entityUuid
    Creating index: entityType on entityType
  Creating object store: _hnsw_index
IndexedDB schema v1 created successfully
No persisted HNSW index found - will build on demand
Serializing HNSW index...
HNSW index serialized: 3 entities
00:22 +122 -1: C:/Users/rasche_j/Documents/workspace/everything-stack/test/persistence/indexeddb/timer_indexeddb_adapter_test.dart: TimerIndexedDBAdapter - Time-Based Behavior timer state transitions correctly
00:22 +122 -1: C:/Users/rasche_j/Documents/workspace/everything-stack/test/persistence/indexeddb_initialization_test.dart: HNSW Persistence HNSW index persists across database close/reopen
IndexedDB upgrade: v0 → v1
Creating IndexedDB schema v1...
  Creating object store: notes
    Creating index: id on id
    Creating index: uuid on uuid
    Creating index: dbSyncStatus on dbSyncStatus
00:22 +123 -1: C:/Users/rasche_j/Documents/workspace/everything-stack/test/persistence/indexeddb/timer_indexeddb_adapter_test.dart: TimerIndexedDBAdapter - Time-Based Behavior timer state transitions correctly
00:22 +123 -1: C:/Users/rasche_j/Documents/workspace/everything-stack/test/persistence/indexeddb_initialization_test.dart: HNSW Persistence HNSW index persists across database close/reopen
    Creating index: isPinned on isPinned
    Creating index: isArchived on isArchived
00:22 +124 -1: C:/Users/rasche_j/Documents/workspace/everything-stack/test/persistence/indexeddb/timer_indexeddb_adapter_test.dart: TimerIndexedDBAdapter - Time-Based Behavior timer state transitions correctly
00:22 +124 -1: C:/Users/rasche_j/Documents/workspace/everything-stack/test/persistence/indexeddb_initialization_test.dart: HNSW Persistence HNSW index persists across database close/reopen
  Creating object store: edges
    Creating index: id on id
    Creating index: uuid on uuid
    Creating index: dbSyncStatus on dbSyncStatus
    Creating index: sourceUuid on sourceUuid
    Creating index: targetUuid on targetUuid
    Creating index: edgeType on edgeType
00:22 +125 -1: C:/Users/rasche_j/Documents/workspace/everything-stack/test/persistence/indexeddb/timer_indexeddb_adapter_test.dart: TimerIndexedDBAdapter - Time-Based Behavior timer state transitions correctly
00:22 +125 -1: C:/Users/rasche_j/Documents/workspace/everything-stack/test/persistence/indexeddb_initialization_test.dart: HNSW Persistence HNSW index persists across database close/reopen
  Creating object store: entity_versions
    Creating index: id on id
    Creating index: uuid on uuid
    Creating index: dbSyncStatus on dbSyncStatus
    Creating index: entityUuid on entityUuid
    Creating index: entityType on entityType
  Creating object store: _hnsw_index
IndexedDB schema v1 created successfully
No persisted HNSW index found - will build on demand
Serializing HNSW index...
00:22 +126 -1: C:/Users/rasche_j/Documents/workspace/everything-stack/test/persistence/indexeddb/timer_indexeddb_adapter_test.dart: TimerIndexedDBAdapter - Time-Based Behavior timer state transitions correctly
00:22 +126 -1: C:/Users/rasche_j/Documents/workspace/everything-stack/test/persistence/indexeddb_initialization_test.dart: HNSW Persistence HNSW index persists across database close/reopen
HNSW index serialized: 2 entities
Deserializing HNSW index: v1, 2 entities
00:22 +127 -1: C:/Users/rasche_j/Documents/workspace/everything-stack/test/persistence/indexeddb/timer_indexeddb_adapter_test.dart: TimerIndexedDBAdapter - Time-Based Behavior timer state transitions correctly
00:22 +128 -1: C:/Users/rasche_j/Documents/workspace/everything-stack/test/persistence/indexeddb/timer_indexeddb_adapter_test.dart: TimerIndexedDBAdapter - Time-Based Behavior timer state transitions correctly
00:22 +128 -1: C:/Users/rasche_j/Documents/workspace/everything-stack/test/persistence/indexeddb_initialization_test.dart: HNSW Persistence can rebuild HNSW index from embeddings
IndexedDB upgrade: v0 → v1
Creating IndexedDB schema v1...
  Creating object store: notes
    Creating index: id on id
    Creating index: uuid on uuid
    Creating index: dbSyncStatus on dbSyncStatus
    Creating index: isPinned on isPinned
    Creating index: isArchived on isArchived
  Creating object store: edges
    Creating index: id on id
    Creating index: uuid on uuid
    Creating index: dbSyncStatus on dbSyncStatus
    Creating index: sourceUuid on sourceUuid
    Creating index: targetUuid on targetUuid
    Creating index: edgeType on edgeType
  Creating object store: entity_versions
    Creating index: id on id
    Creating index: uuid on uuid
    Creating index: dbSyncStatus on dbSyncStatus
    Creating index: entityUuid on entityUuid
    Creating index: entityType on entityType
  Creating object store: _hnsw_index
IndexedDB schema v1 created successfully
No persisted HNSW index found - will build on demand
Rebuilding HNSW index from all embeddings...
HNSW index rebuilt: 2 entities
Serializing HNSW index...
HNSW index serialized: 2 entities
00:22 +129 -1: C:/Users/rasche_j/Documents/workspace/everything-stack/test/persistence/indexeddb/timer_indexeddb_adapter_test.dart: TimerIndexedDBAdapter - Time-Based Behavior timer state transitions correctly
00:22 +129 -1: C:/Users/rasche_j/Documents/workspace/everything-stack/test/persistence/indexeddb_initialization_test.dart: HNSW Persistence HNSW index updates on save and delete
IndexedDB upgrade: v0 → v1
Creating IndexedDB schema v1...
  Creating object store: notes
    Creating index: id on id
    Creating index: uuid on uuid
    Creating index: dbSyncStatus on dbSyncStatus
    Creating index: isPinned on isPinned
    Creating index: isArchived on isArchived
  Creating object store: edges
    Creating index: id on id
    Creating index: uuid on uuid
    Creating index: dbSyncStatus on dbSyncStatus
    Creating index: sourceUuid on sourceUuid
    Creating index: targetUuid on targetUuid
    Creating index: edgeType on edgeType
  Creating object store: entity_versions
    Creating index: id on id
    Creating index: uuid on uuid
    Creating index: dbSyncStatus on dbSyncStatus
    Creating index: entityUuid on entityUuid
    Creating index: entityType on entityType
  Creating object store: _hnsw_index
IndexedDB schema v1 created successfully
No persisted HNSW index found - will build on demand
Serializing HNSW index...
HNSW index serialized: 0 entities
00:22 +130 -1: C:/Users/rasche_j/Documents/workspace/everything-stack/test/persistence/indexeddb/timer_indexeddb_adapter_test.dart: TimerIndexedDBAdapter - Time-Based Behavior timer state transitions correctly
00:22 +130 -1: C:/Users/rasche_j/Documents/workspace/everything-stack/test/persistence/indexeddb_initialization_test.dart: HNSW Persistence semantic search returns empty list when no embeddings exist
IndexedDB upgrade: v0 → v1
Creating IndexedDB schema v1...
  Creating object store: notes
    Creating index: id on id
    Creating index: uuid on uuid
    Creating index: dbSyncStatus on dbSyncStatus
    Creating index: isPinned on isPinned
    Creating index: isArchived on isArchived
  Creating object store: edges
    Creating index: id on id
    Creating index: uuid on uuid
    Creating index: dbSyncStatus on dbSyncStatus
    Creating index: sourceUuid on sourceUuid
    Creating index: targetUuid on targetUuid
    Creating index: edgeType on edgeType
  Creating object store: entity_versions
    Creating index: id on id
    Creating index: uuid on uuid
    Creating index: dbSyncStatus on dbSyncStatus
    Creating index: entityUuid on entityUuid
    Creating index: entityType on entityType
  Creating object store: _hnsw_index
IndexedDB schema v1 created successfully
No persisted HNSW index found - will build on demand
HNSW index not loaded - rebuilding from embeddings
Rebuilding HNSW index from all embeddings...
HNSW index rebuilt: 0 entities
Serializing HNSW index...
HNSW index serialized: 1 entities
00:22 +131 -1: C:/Users/rasche_j/Documents/workspace/everything-stack/test/persistence/indexeddb/timer_indexeddb_adapter_test.dart: TimerIndexedDBAdapter - Time-Based Behavior timer state transitions correctly
00:22 +132 -1: C:/Users/rasche_j/Documents/workspace/everything-stack/test/persistence/indexeddb/timer_indexeddb_adapter_test.dart: TimerIndexedDBAdapter - Time-Based Behavior cancelled timer is marked as fired but with null firedAt
00:22 +133 -1: C:/Users/rasche_j/Documents/workspace/everything-stack/test/persistence/indexeddb/timer_indexeddb_adapter_test.dart: TimerIndexedDBAdapter - Cross-Platform Equivalence query results match ObjectBox behavior
00:23 +134 -1: C:/Users/rasche_j/Documents/workspace/everything-stack/test/scenarios/feedback_ui_scenario_test.dart: Feedback Review UI Scenario User marks turn wrong and trains system via UI (Phase 1 - deferred)
00:24 +134 ~1 -1: C:/Users/rasche_j/Documents/workspace/everything-stack/test/services/blob_store_test.dart: BlobStore interface BlobStore is abstract
00:24 +135 ~1 -1: C:/Users/rasche_j/Documents/workspace/everything-stack/test/services/blob_store_test.dart: BlobStore interface MockBlobStore is default instance
00:24 +136 ~1 -1: C:/Users/rasche_j/Documents/workspace/everything-stack/test/services/blob_store_test.dart: MockBlobStore Save and load save stores blob with id
00:24 +137 ~1 -1: C:/Users/rasche_j/Documents/workspace/everything-stack/test/services/blob_store_test.dart: MockBlobStore Save and load load retrieves saved blob
00:24 +138 ~1 -1: C:/Users/rasche_j/Documents/workspace/everything-stack/test/services/blob_store_test.dart: MockBlobStore Save and load load returns null for non-existent blob
00:24 +139 ~1 -1: C:/Users/rasche_j/Documents/workspace/everything-stack/test/services/blob_store_test.dart: MockBlobStore Save and load save overwrites existing blob
00:24 +140 ~1 -1: C:/Users/rasche_j/Documents/workspace/everything-stack/test/services/blob_store_test.dart: MockBlobStore Delete delete removes blob
00:24 +141 ~1 -1: C:/Users/rasche_j/Documents/workspace/everything-stack/test/services/blob_store_test.dart: MockBlobStore Delete delete non-existent blob returns false
00:24 +142 ~1 -1: C:/Users/rasche_j/Documents/workspace/everything-stack/test/services/blob_store_test.dart: MockBlobStore Delete delete existing blob returns true
00:24 +143 ~1 -1: C:/Users/rasche_j/Documents/workspace/everything-stack/test/services/blob_store_test.dart: MockBlobStore Stream streamRead streams blob in chunks
00:24 +144 ~1 -1: C:/Users/rasche_j/Documents/workspace/everything-stack/test/services/blob_store_test.dart: MockBlobStore Stream streamRead with default chunk size
00:24 +145 ~1 -1: C:/Users/rasche_j/Documents/workspace/everything-stack/test/services/blob_store_test.dart: MockBlobStore Stream streamRead returns empty stream for non-existent blob
00:24 +146 ~1 -1: C:/Users/rasche_j/Documents/workspace/everything-stack/test/services/blob_store_test.dart: MockBlobStore Stream streamRead respects custom chunk size
00:24 +147 ~1 -1: C:/Users/rasche_j/Documents/workspace/everything-stack/test/services/blob_store_test.dart: MockBlobStore Contains contains returns true for saved blob
00:24 +148 ~1 -1: C:/Users/rasche_j/Documents/workspace/everything-stack/test/services/blob_store_test.dart: MockBlobStore Contains contains returns false for non-existent blob
00:24 +149 ~1 -1: C:/Users/rasche_j/Documents/workspace/everything-stack/test/services/blob_store_test.dart: MockBlobStore Size size returns blob size in bytes
00:24 +150 ~1 -1: C:/Users/rasche_j/Documents/workspace/everything-stack/test/services/blob_store_test.dart: MockBlobStore Size size returns -1 for non-existent blob
00:24 +151 ~1 -1: C:/Users/rasche_j/Documents/workspace/everything-stack/test/services/blob_store_test.dart: MockBlobStore Size size reflects overwritten blob
00:24 +152 ~1 -1: C:/Users/rasche_j/Documents/workspace/everything-stack/test/services/blob_store_test.dart: MockBlobStore Lifecycle initialize completes
00:24 +153 ~1 -1: C:/Users/rasche_j/Documents/workspace/everything-stack/test/services/blob_store_test.dart: MockBlobStore Lifecycle dispose clears all blobs
00:25 +154 ~1 -1: C:/Users/rasche_j/Documents/workspace/everything-stack/test/services/chunking_bulk_test.dart: SemanticChunker - bulk operations processes 100 notes efficiently
Bulk operation results:
  Total notes: 100
  Total chunks: 100
  Total time: 15ms
  Average per note: 0.15ms
  Average chunks per note: 1.00
00:25 +155 ~1 -1: C:/Users/rasche_j/Documents/workspace/everything-stack/test/services/chunking_bulk_test.dart: SemanticChunker - bulk operations handles very large note collection
00:25 +156 ~1 -1: C:/Users/rasche_j/Documents/workspace/everything-stack/test/services/chunking_bulk_test.dart: SemanticChunker - bulk operations maintains consistency across repeated chunking
00:25 +157 ~1 -1: C:/Users/rasche_j/Documents/workspace/everything-stack/test/services/chunking_bulk_test.dart: SemanticChunker - extreme edge cases handles extremely short text (single word)
00:25 +158 ~1 -1: C:/Users/rasche_j/Documents/workspace/everything-stack/test/services/chunking_bulk_test.dart: SemanticChunker - extreme edge cases handles extremely long text (10000 tokens)
00:25 +159 ~1 -1: C:/Users/rasche_j/Documents/workspace/everything-stack/test/services/chunking_bulk_test.dart: SemanticChunker - extreme edge cases handles text with only punctuation
00:25 +160 ~1 -1: C:/Users/rasche_j/Documents/workspace/everything-stack/test/services/chunking_bulk_test.dart: SemanticChunker - extreme edge cases handles text with excessive whitespace
00:25 +161 ~1 -1: C:/Users/rasche_j/Documents/workspace/everything-stack/test/services/chunking_bulk_test.dart: SemanticChunker - extreme edge cases handles text with unicode characters
00:25 +162 ~1 -1: C:/Users/rasche_j/Documents/workspace/everything-stack/test/services/chunking_bulk_test.dart: SemanticChunker - extreme edge cases handles text with special characters and emojis
00:25 +163 ~1 -1: C:/Users/rasche_j/Documents/workspace/everything-stack/test/services/chunking_bulk_test.dart: SemanticChunker - extreme edge cases handles text with URLs and code snippets
00:25 +164 ~1 -1: C:/Users/rasche_j/Documents/workspace/everything-stack/test/services/chunking_bulk_test.dart: SemanticChunker - extreme edge cases handles malformed input gracefully
00:25 +165 ~1 -1: C:/Users/rasche_j/Documents/workspace/everything-stack/test/services/chunking_bulk_test.dart: SemanticChunker - performance characteristics chunking time scales linearly with text length
100 words: 272 μs
200 words: 108 μs
400 words: 1808 μs
800 words: 794 μs
00:25 +166 ~1 -1: C:/Users/rasche_j/Documents/workspace/everything-stack/test/services/chunking_bulk_test.dart: SemanticChunker - performance characteristics measures average chunk size distribution
Chunk size distribution:
  Average: 320.20 tokens
  Minimum: 1 tokens
  Maximum: 400 tokens
  Total chunks: 5
00:26 +167 ~1 -1: C:/Users/rasche_j/Documents/workspace/everything-stack/test/services/chunking_service_test.dart: ChunkingService index(entity) - chunking and indexing indexes SemanticIndexable entity by chunking and embedding
00:26 +168 ~1 -1: C:/Users/rasche_j/Documents/workspace/everything-stack/test/services/chunking_service_test.dart: ChunkingService index(entity) - chunking and indexing inserts chunks into HNSW index with embeddings
00:26 +169 ~1 -1: C:/Users/rasche_j/Documents/workspace/everything-stack/test/services/chunking_service_test.dart: ChunkingService index(entity) - chunking and indexing returns chunks in order with correct token boundaries
00:26 +170 ~1 -1: C:/Users/rasche_j/Documents/workspace/everything-stack/test/services/chunking_service_test.dart: ChunkingService index(entity) - chunking and indexing generates two-level chunks (parent and child)
00:26 +171 ~1 -1: C:/Users/rasche_j/Documents/workspace/everything-stack/test/services/chunking_service_test.dart: ChunkingService index(entity) - chunking and indexing returns empty list for empty entity content
00:26 +172 ~1 -1: C:/Users/rasche_j/Documents/workspace/everything-stack/test/services/chunking_service_test.dart: ChunkingService index(entity) - chunking and indexing handles entity with minimal content
00:26 +173 ~1 -1: C:/Users/rasche_j/Documents/workspace/everything-stack/test/services/chunking_service_test.dart: ChunkingService deleteByEntityId(entityId) - removing chunks from index removes all chunks for entity from HNSW index
00:26 +174 ~1 -1: C:/Users/rasche_j/Documents/workspace/everything-stack/test/services/chunking_service_test.dart: ChunkingService deleteByEntityId(entityId) - removing chunks from index handles deletion of non-existent entity gracefully
00:26 +175 ~1 -1: C:/Users/rasche_j/Documents/workspace/everything-stack/test/services/chunking_service_test.dart: ChunkingService deleteByEntityId(entityId) - removing chunks from index does not affect chunks from other entities
00:26 +176 ~1 -1: C:/Users/rasche_j/Documents/workspace/everything-stack/test/services/chunking_service_test.dart: ChunkingService integration - index and search indexed chunks can be found via semantic search
00:27 +177 ~1 -1: C:/Users/rasche_j/Documents/workspace/everything-stack/test/services/connectivity_service_test.dart: ConnectivityService interface ConnectivityState enum has expected values
00:27 +178 ~1 -1: C:/Users/rasche_j/Documents/workspace/everything-stack/test/services/connectivity_service_test.dart: ConnectivityService interface ConnectivityServiceException is Exception subtype
00:27 +179 ~1 -1: C:/Users/rasche_j/Documents/workspace/everything-stack/test/services/connectivity_service_test.dart: ConnectivityService interface ConnectivityServiceException.toString includes message
00:27 +180 ~1 -1: C:/Users/rasche_j/Documents/workspace/everything-stack/test/services/connectivity_service_test.dart: ConnectivityService interface ConnectivityServiceException.toString includes cause when present
00:27 +181 ~1 -1: C:/Users/rasche_j/Documents/workspace/everything-stack/test/services/connectivity_service_test.dart: ConnectivityService interface MockConnectivityService is default instance
00:27 +182 ~1 -1: C:/Users/rasche_j/Documents/workspace/everything-stack/test/services/connectivity_service_test.dart: MockConnectivityService Initial state starts online (wifi)
00:27 +183 ~1 -1: C:/Users/rasche_j/Documents/workspace/everything-stack/test/services/connectivity_service_test.dart: MockConnectivityService Initial state initialize completes immediately
00:27 +184 ~1 -1: C:/Users/rasche_j/Documents/workspace/everything-stack/test/services/connectivity_service_test.dart: MockConnectivityService State properties isOnline is true when state is wifi
00:27 +185 ~1 -1: C:/Users/rasche_j/Documents/workspace/everything-stack/test/services/connectivity_service_test.dart: MockConnectivityService State properties isOnline is true when state is cellular
00:27 +186 ~1 -1: C:/Users/rasche_j/Documents/workspace/everything-stack/test/services/connectivity_service_test.dart: MockConnectivityService State properties isOnline is true when state is ethernet
00:27 +187 ~1 -1: C:/Users/rasche_j/Documents/workspace/everything-stack/test/services/connectivity_service_test.dart: MockConnectivityService State properties isOnline is false when state is offline
00:27 +188 ~1 -1: C:/Users/rasche_j/Documents/workspace/everything-stack/test/services/connectivity_service_test.dart: MockConnectivityService State properties isWifi is true when state is wifi
00:27 +189 ~1 -1: C:/Users/rasche_j/Documents/workspace/everything-stack/test/services/connectivity_service_test.dart: MockConnectivityService State properties isWifi is true when state is ethernet
00:27 +190 ~1 -1: C:/Users/rasche_j/Documents/workspace/everything-stack/test/services/connectivity_service_test.dart: MockConnectivityService State properties isWifi is false when state is cellular
00:27 +191 ~1 -1: C:/Users/rasche_j/Documents/workspace/everything-stack/test/services/connectivity_service_test.dart: MockConnectivityService State properties isWifi is false when state is offline
00:27 +192 ~1 -1: C:/Users/rasche_j/Documents/workspace/everything-stack/test/services/connectivity_service_test.dart: MockConnectivityService State properties state property reflects current state
00:27 +193 ~1 -1: C:/Users/rasche_j/Documents/workspace/everything-stack/test/services/connectivity_service_test.dart: MockConnectivityService Stream emission onConnectivityChanged emits state changes
00:27 +194 ~1 -1: C:/Users/rasche_j/Documents/workspace/everything-stack/test/services/connectivity_service_test.dart: MockConnectivityService Stream emission simulate to same state does not emit
00:27 +195 ~1 -1: C:/Users/rasche_j/Documents/workspace/everything-stack/test/services/connectivity_service_test.dart: MockConnectivityService Stream emission multiple listeners receive state changes
00:27 +196 ~1 -1: C:/Users/rasche_j/Documents/workspace/everything-stack/test/services/connectivity_service_test.dart: MockConnectivityService Lifecycle dispose closes stream
00:27 +197 ~1 -1: C:/Users/rasche_j/Documents/workspace/everything-stack/test/services/connectivity_service_test.dart: MockConnectivityService Lifecycle dispose can be called multiple times
00:27 +198 ~1 -1: C:/Users/rasche_j/Documents/workspace/everything-stack/test/services/connectivity_service_test.dart: MockConnectivityService Edge cases accessing properties before initialize works
00:27 +199 ~1 -1: C:/Users/rasche_j/Documents/workspace/everything-stack/test/services/connectivity_service_test.dart: MockConnectivityService Edge cases simulate with all state values works
00:27 +200 ~1 -1: C:/Users/rasche_j/Documents/workspace/everything-stack/test/services/connectivity_service_test.dart: ConnectivityPlusService ConnectivityPlusService maps ConnectivityResult correctly
00:28 +201 ~1 -1: C:/Users/rasche_j/Documents/workspace/everything-stack/test/services/context_manager_test.dart: ContextManager - Namespace Selection selects namespace above threshold
00:28 +202 ~1 -1: C:/Users/rasche_j/Documents/workspace/everything-stack/test/services/context_manager_test.dart: ContextManager - Namespace Selection filters out namespace below threshold
00:28 +203 ~1 -1: C:/Users/rasche_j/Documents/workspace/everything-stack/test/services/context_manager_test.dart: ContextManager - Namespace Selection handles multiple namespace candidates
00:28 +204 ~1 -1: C:/Users/rasche_j/Documents/workspace/everything-stack/test/services/context_manager_test.dart: ContextManager - Tool Filtering combines semantic and statistical scores
00:28 +205 ~1 -1: C:/Users/rasche_j/Documents/workspace/everything-stack/test/services/context_manager_test.dart: ContextManager - Tool Filtering filters tools by threshold
00:28 +206 ~1 -1: C:/Users/rasche_j/Documents/workspace/everything-stack/test/services/context_manager_test.dart: ContextManager - Tool Filtering tool success rate affects scoring
00:28 +207 ~1 -1: C:/Users/rasche_j/Documents/workspace/everything-stack/test/services/context_manager_test.dart: ContextManager - Context Injection injects tasks for task namespace
00:28 +208 ~1 -1: C:/Users/rasche_j/Documents/workspace/everything-stack/test/services/context_manager_test.dart: ContextManager - Context Injection injects timers for timer namespace
00:28 +209 ~1 -1: C:/Users/rasche_j/Documents/workspace/everything-stack/test/services/context_manager_test.dart: ContextManager - Context Injection formats context for LLM correctly
00:28 +210 ~1 -1: C:/Users/rasche_j/Documents/workspace/everything-stack/test/services/context_manager_test.dart: ContextManager - Error Handling returns noNamespace when none pass threshold
00:28 +211 ~1 -1: C:/Users/rasche_j/Documents/workspace/everything-stack/test/services/context_manager_test.dart: ContextManager - Error Handling returns noTools when namespace selected but no tools pass
00:28 +212 ~1 -1: C:/Users/rasche_j/Documents/workspace/everything-stack/test/services/context_manager_test.dart: ContextManager - Error Handling handles LLM timeout gracefully
00:28 +213 ~1 -1: C:/Users/rasche_j/Documents/workspace/everything-stack/test/services/context_manager_test.dart: ContextManager - Error Handling handles no active personality
00:28 +214 ~1 -1: C:/Users/rasche_j/Documents/workspace/everything-stack/test/services/context_manager_test.dart: ContextManager - Error Handling handles empty utterance
00:28 +215 ~1 -1: C:/Users/rasche_j/Documents/workspace/everything-stack/test/services/context_manager_test.dart: ContextManager - Tool Call Parsing extracts confidence from toolScores
00:28 +216 ~1 -1: C:/Users/rasche_j/Documents/workspace/everything-stack/test/services/context_manager_test.dart: ContextManager - Tool Call Parsing uses fallback confidence if not scored
00:28 +217 ~1 -1: C:/Users/rasche_j/Documents/workspace/everything-stack/test/services/context_manager_test.dart: ContextManager - Tool Call Parsing calculates average confidence across multiple tools
00:28 +218 ~1 -1: C:/Users/rasche_j/Documents/workspace/everything-stack/test/services/context_manager_test.dart: ContextManager - Invocation Logging captures namespace scores
00:28 +219 ~1 -1: C:/Users/rasche_j/Documents/workspace/everything-stack/test/services/context_manager_test.dart: ContextManager - Invocation Logging captures tool filtering results
00:28 +220 ~1 -1: C:/Users/rasche_j/Documents/workspace/everything-stack/test/services/context_manager_test.dart: ContextManager - Invocation Logging captures tools called by LLM
00:28 +221 ~1 -1: C:/Users/rasche_j/Documents/workspace/everything-stack/test/services/context_manager_test.dart: ContextManager - Invocation Logging records latency
00:28 +222 ~1 -1: C:/Users/rasche_j/Documents/workspace/everything-stack/test/services/context_manager_test.dart: ContextManager - Personality Deserialization loads namespaceAttention from JSON
00:28 +223 ~1 -1: C:/Users/rasche_j/Documents/workspace/everything-stack/test/services/context_manager_test.dart: ContextManager - Personality Deserialization loads toolAttention from JSON
00:28 +224 ~1 -1: C:/Users/rasche_j/Documents/workspace/everything-stack/test/services/context_manager_test.dart: ContextManager - Personality Deserialization handles complex adaptation states
00:28 +225 ~1 -1: C:/Users/rasche_j/Documents/workspace/everything-stack/test/services/embedding_service_test.dart: (setUpAll)
00:29 +225 ~1 -1: C:/Users/rasche_j/Documents/workspace/everything-stack/test/services/embedding_service_test.dart: EmbeddingService interface dimension constant is 384 (Gemini text-embedding-004)
00:29 +226 ~1 -1: C:/Users/rasche_j/Documents/workspace/everything-stack/test/services/embedding_service_test.dart: EmbeddingService interface default instance is available
00:29 +227 ~1 -1: C:/Users/rasche_j/Documents/workspace/everything-stack/test/services/embedding_service_test.dart: EmbeddingService interface can set custom instance
00:29 +228 ~1 -1: C:/Users/rasche_j/Documents/workspace/everything-stack/test/services/embedding_service_test.dart: EmbeddingService interface default instance is MockEmbeddingService
00:29 +229 ~1 -1: C:/Users/rasche_j/Documents/workspace/everything-stack/test/services/embedding_service_test.dart: MockEmbeddingService generate returns vector of correct dimension
00:29 +230 ~1 -1: C:/Users/rasche_j/Documents/workspace/everything-stack/test/services/embedding_service_test.dart: MockEmbeddingService generate returns same vector for same input
00:29 +231 ~1 -1: C:/Users/rasche_j/Documents/workspace/everything-stack/test/services/embedding_service_test.dart: MockEmbeddingService generate returns different vectors for different inputs
00:29 +232 ~1 -1: C:/Users/rasche_j/Documents/workspace/everything-stack/test/services/embedding_service_test.dart: MockEmbeddingService generate returns normalized vectors
00:29 +233 ~1 -1: C:/Users/rasche_j/Documents/workspace/everything-stack/test/services/embedding_service_test.dart: MockEmbeddingService generate returns values in valid range
00:29 +234 ~1 -1: C:/Users/rasche_j/Documents/workspace/everything-stack/test/services/embedding_service_test.dart: MockEmbeddingService generateBatch returns correct number of embeddings
00:29 +235 ~1 -1: C:/Users/rasche_j/Documents/workspace/everything-stack/test/services/embedding_service_test.dart: MockEmbeddingService generateBatch returns same as individual generate calls
00:29 +236 ~1 -1: C:/Users/rasche_j/Documents/workspace/everything-stack/test/services/embedding_service_test.dart: MockEmbeddingService generateBatch handles empty list
00:29 +237 ~1 -1: C:/Users/rasche_j/Documents/workspace/everything-stack/test/services/embedding_service_test.dart: MockEmbeddingService generate handles empty string
00:29 +238 ~1 -1: C:/Users/rasche_j/Documents/workspace/everything-stack/test/services/embedding_service_test.dart: MockEmbeddingService generate handles whitespace-only string
00:29 +239 ~1 -1: C:/Users/rasche_j/Documents/workspace/everything-stack/test/services/embedding_service_test.dart: MockEmbeddingService generate handles very long text
00:29 +240 ~1 -1: C:/Users/rasche_j/Documents/workspace/everything-stack/test/services/embedding_service_test.dart: MockEmbeddingService generate handles unicode text
00:29 +241 ~1 -1: C:/Users/rasche_j/Documents/workspace/everything-stack/test/services/embedding_service_test.dart: MockEmbeddingService different MockEmbeddingService instances produce same results
00:29 +242 ~1 -1: C:/Users/rasche_j/Documents/workspace/everything-stack/test/services/embedding_service_test.dart: EmbeddingService.cosineSimilarity identical vectors have similarity 1
00:29 +243 ~1 -1: C:/Users/rasche_j/Documents/workspace/everything-stack/test/services/embedding_service_test.dart: EmbeddingService.cosineSimilarity opposite vectors have similarity -1
00:29 +244 ~1 -1: C:/Users/rasche_j/Documents/workspace/everything-stack/test/services/embedding_service_test.dart: EmbeddingService.cosineSimilarity orthogonal vectors have similarity 0
00:29 +245 ~1 -1: C:/Users/rasche_j/Documents/workspace/everything-stack/test/services/embedding_service_test.dart: EmbeddingService.cosineSimilarity throws on mismatched dimensions
00:29 +246 ~1 -1: C:/Users/rasche_j/Documents/workspace/everything-stack/test/services/embedding_service_test.dart: EmbeddingService.cosineSimilarity handles zero vectors gracefully
00:29 +247 ~1 -1: C:/Users/rasche_j/Documents/workspace/everything-stack/test/services/embedding_service_test.dart: EmbeddingService.cosineSimilarity handles empty lists gracefully
00:29 +248 ~1 -1: C:/Users/rasche_j/Documents/workspace/everything-stack/test/services/embedding_service_test.dart: EmbeddingService.cosineSimilarity similarity is symmetric
00:29 +249 ~1 -1: C:/Users/rasche_j/Documents/workspace/everything-stack/test/services/embedding_service_test.dart: EmbeddingService.cosineSimilarity normalized vectors work correctly
00:29 +250 ~1 -1: C:/Users/rasche_j/Documents/workspace/everything-stack/test/services/embedding_service_test.dart: GeminiEmbeddingService throws when API key not configured
00:29 +251 ~1 -1: C:/Users/rasche_j/Documents/workspace/everything-stack/test/services/embedding_service_test.dart: GeminiEmbeddingService throws when API key is empty string
00:29 +252 ~1 -1: C:/Users/rasche_j/Documents/workspace/everything-stack/test/services/embedding_service_test.dart: GeminiEmbeddingService can be constructed with API key
00:29 +253 ~1 -1: C:/Users/rasche_j/Documents/workspace/everything-stack/test/services/embedding_service_test.dart: GeminiEmbeddingService throws when HTTP client not configured
00:29 +254 ~1 -1: C:/Users/rasche_j/Documents/workspace/everything-stack/test/services/embedding_service_test.dart: GeminiEmbeddingService fromEnvironment returns service instance
00:29 +255 ~1 -1: C:/Users/rasche_j/Documents/workspace/everything-stack/test/services/embedding_service_test.dart: GeminiEmbeddingService generate parses successful API response
00:29 +256 ~1 -1: C:/Users/rasche_j/Documents/workspace/everything-stack/test/services/embedding_service_test.dart: GeminiEmbeddingService generateBatch parses successful API response
00:29 +257 ~1 -1: C:/Users/rasche_j/Documents/workspace/everything-stack/test/services/embedding_service_test.dart: GeminiEmbeddingService generateBatch handles empty list
00:29 +258 ~1 -1: C:/Users/rasche_j/Documents/workspace/everything-stack/test/services/embedding_service_test.dart: GeminiEmbeddingService handles API error response
00:29 +259 ~1 -1: C:/Users/rasche_j/Documents/workspace/everything-stack/test/services/embedding_service_test.dart: GeminiEmbeddingService handles API error in batch response
00:29 +260 ~1 -1: C:/Users/rasche_j/Documents/workspace/everything-stack/test/services/embedding_service_test.dart: GeminiEmbeddingService wraps JSON decode errors
00:29 +261 ~1 -1: C:/Users/rasche_j/Documents/workspace/everything-stack/test/services/embedding_service_test.dart: GeminiEmbeddingService wraps network errors
00:29 +262 ~1 -1: C:/Users/rasche_j/Documents/workspace/everything-stack/test/services/embedding_service_test.dart: GeminiEmbeddingService throws on wrong dimension in single response
00:29 +263 ~1 -1: C:/Users/rasche_j/Documents/workspace/everything-stack/test/services/embedding_service_test.dart: GeminiEmbeddingService throws on wrong dimension in batch response
00:29 +264 ~1 -1: C:/Users/rasche_j/Documents/workspace/everything-stack/test/services/embedding_service_test.dart: GeminiEmbeddingService sends correct request format for single embedding
00:29 +265 ~1 -1: C:/Users/rasche_j/Documents/workspace/everything-stack/test/services/embedding_service_test.dart: GeminiEmbeddingService sends correct request format for batch embedding
00:29 +266 ~1 -1: C:/Users/rasche_j/Documents/workspace/everything-stack/test/services/embedding_service_test.dart: JinaEmbeddingService throws when API key not configured
00:29 +267 ~1 -1: C:/Users/rasche_j/Documents/workspace/everything-stack/test/services/embedding_service_test.dart: JinaEmbeddingService throws when API key is empty string
00:29 +268 ~1 -1: C:/Users/rasche_j/Documents/workspace/everything-stack/test/services/embedding_service_test.dart: JinaEmbeddingService can be constructed with API key
00:29 +269 ~1 -1: C:/Users/rasche_j/Documents/workspace/everything-stack/test/services/embedding_service_test.dart: JinaEmbeddingService throws when HTTP client not configured
00:29 +270 ~1 -1: C:/Users/rasche_j/Documents/workspace/everything-stack/test/services/embedding_service_test.dart: JinaEmbeddingService fromEnvironment returns service instance
00:29 +271 ~1 -1: C:/Users/rasche_j/Documents/workspace/everything-stack/test/services/embedding_service_test.dart: JinaEmbeddingService generate parses successful API response
00:29 +272 ~1 -1: C:/Users/rasche_j/Documents/workspace/everything-stack/test/services/embedding_service_test.dart: JinaEmbeddingService generateBatch parses successful API response
00:29 +273 ~1 -1: C:/Users/rasche_j/Documents/workspace/everything-stack/test/services/embedding_service_test.dart: JinaEmbeddingService generateBatch handles out-of-order response
00:29 +274 ~1 -1: C:/Users/rasche_j/Documents/workspace/everything-stack/test/services/embedding_service_test.dart: JinaEmbeddingService generateBatch handles empty list
00:29 +275 ~1 -1: C:/Users/rasche_j/Documents/workspace/everything-stack/test/services/embedding_service_test.dart: JinaEmbeddingService handles API error with detail field
00:29 +276 ~1 -1: C:/Users/rasche_j/Documents/workspace/everything-stack/test/services/embedding_service_test.dart: JinaEmbeddingService handles API error with error field
00:29 +277 ~1 -1: C:/Users/rasche_j/Documents/workspace/everything-stack/test/services/embedding_service_test.dart: JinaEmbeddingService wraps network errors
00:29 +278 ~1 -1: C:/Users/rasche_j/Documents/workspace/everything-stack/test/services/embedding_service_test.dart: JinaEmbeddingService throws on wrong dimension in response
00:29 +279 ~1 -1: C:/Users/rasche_j/Documents/workspace/everything-stack/test/services/embedding_service_test.dart: JinaEmbeddingService sends correct request format
00:29 +280 ~1 -1: C:/Users/rasche_j/Documents/workspace/everything-stack/test/services/embedding_service_test.dart: JinaEmbeddingService sends batch request with multiple inputs
00:29 +281 ~1 -1: C:/Users/rasche_j/Documents/workspace/everything-stack/test/services/embedding_service_test.dart: EmbeddingServiceException contains message
00:29 +282 ~1 -1: C:/Users/rasche_j/Documents/workspace/everything-stack/test/services/embedding_service_test.dart: EmbeddingServiceException can wrap original error
00:29 +283 ~1 -1: C:/Users/rasche_j/Documents/workspace/everything-stack/test/services/embedding_service_test.dart: EmbeddingServiceException toString includes cause when present
00:29 +284 ~1 -1: C:/Users/rasche_j/Documents/workspace/everything-stack/test/services/embedding_service_test.dart: EmbeddingServiceException toString works without cause
00:29 +285 ~1 -1: C:/Users/rasche_j/Documents/workspace/everything-stack/test/services/embedding_service_test.dart: (tearDownAll)
00:29 +285 ~1 -1: C:/Users/rasche_j/Documents/workspace/everything-stack/test/services/file_service_test.dart: FileService interface FileService is abstract
00:30 +286 ~1 -1: C:/Users/rasche_j/Documents/workspace/everything-stack/test/services/file_service_test.dart: FileService interface MockFileService is default instance
00:30 +287 ~1 -1: C:/Users/rasche_j/Documents/workspace/everything-stack/test/services/file_service_test.dart: MockFileService Photo picking pickPhoto from gallery returns FileMetadata
00:30 +288 ~1 -1: C:/Users/rasche_j/Documents/workspace/everything-stack/test/services/file_service_test.dart: MockFileService Photo picking pickPhoto from camera returns FileMetadata
00:30 +289 ~1 -1: C:/Users/rasche_j/Documents/workspace/everything-stack/test/services/file_service_test.dart: MockFileService Photo picking pickPhoto returns null when cancelled
00:30 +290 ~1 -1: C:/Users/rasche_j/Documents/workspace/everything-stack/test/services/file_service_test.dart: MockFileService Photo picking pickPhoto includes thumbnail for images
00:30 +291 ~1 -1: C:/Users/rasche_j/Documents/workspace/everything-stack/test/services/file_service_test.dart: MockFileService Photo picking pickPhoto stores bytes to BlobStore
00:30 +292 ~1 -1: C:/Users/rasche_j/Documents/workspace/everything-stack/test/services/file_service_test.dart: MockFileService Video picking pickVideo from gallery returns FileMetadata
00:30 +293 ~1 -1: C:/Users/rasche_j/Documents/workspace/everything-stack/test/services/file_service_test.dart: MockFileService Video picking pickVideo from camera returns FileMetadata
00:30 +294 ~1 -1: C:/Users/rasche_j/Documents/workspace/everything-stack/test/services/file_service_test.dart: MockFileService Video picking pickVideo returns null when cancelled
00:30 +295 ~1 -1: C:/Users/rasche_j/Documents/workspace/everything-stack/test/services/file_service_test.dart: MockFileService Video picking pickVideo stores bytes to BlobStore
00:30 +296 ~1 -1: C:/Users/rasche_j/Documents/workspace/everything-stack/test/services/file_service_test.dart: MockFileService Audio recording with duration recordAudio with duration returns FileMetadata
00:30 +297 ~1 -1: C:/Users/rasche_j/Documents/workspace/everything-stack/test/services/file_service_test.dart: MockFileService Audio recording with duration recordAudio returns null when cancelled
00:30 +298 ~1 -1: C:/Users/rasche_j/Documents/workspace/everything-stack/test/services/file_service_test.dart: MockFileService Audio recording with duration recordAudio has no thumbnail
00:30 +299 ~1 -1: C:/Users/rasche_j/Documents/workspace/everything-stack/test/services/file_service_test.dart: MockFileService Audio recording with duration recordAudio stores bytes to BlobStore
00:30 +300 ~1 -1: C:/Users/rasche_j/Documents/workspace/everything-stack/test/services/file_service_test.dart: MockFileService Audio recording with start/stop startRecording returns true when idle
00:30 +301 ~1 -1: C:/Users/rasche_j/Documents/workspace/everything-stack/test/services/file_service_test.dart: MockFileService Audio recording with start/stop startRecording returns false when already recording
00:30 +302 ~1 -1: C:/Users/rasche_j/Documents/workspace/everything-stack/test/services/file_service_test.dart: MockFileService Audio recording with start/stop stopRecording returns FileMetadata when recording
00:30 +303 ~1 -1: C:/Users/rasche_j/Documents/workspace/everything-stack/test/services/file_service_test.dart: MockFileService Audio recording with start/stop stopRecording returns null when not recording
00:30 +304 ~1 -1: C:/Users/rasche_j/Documents/workspace/everything-stack/test/services/file_service_test.dart: MockFileService Audio recording with start/stop stopRecording stores bytes to BlobStore
00:30 +305 ~1 -1: C:/Users/rasche_j/Documents/workspace/everything-stack/test/services/file_service_test.dart: MockFileService File picking pickFile returns FileMetadata for documents
00:30 +306 ~1 -1: C:/Users/rasche_j/Documents/workspace/everything-stack/test/services/file_service_test.dart: MockFileService File picking pickFile returns null when cancelled
00:30 +307 ~1 -1: C:/Users/rasche_j/Documents/workspace/everything-stack/test/services/file_service_test.dart: MockFileService File picking pickFile can pick specific file types
00:30 +308 ~1 -1: C:/Users/rasche_j/Documents/workspace/everything-stack/test/services/file_service_test.dart: MockFileService File picking pickFile stores bytes to BlobStore
00:30 +309 ~1 -1: C:/Users/rasche_j/Documents/workspace/everything-stack/test/services/file_service_test.dart: MockFileService Image compression compress reduces image bytes
00:30 +310 ~1 -1: C:/Users/rasche_j/Documents/workspace/everything-stack/test/services/file_service_test.dart: MockFileService Image compression compress with lower quality produces smaller output
00:30 +311 ~1 -1: C:/Users/rasche_j/Documents/workspace/everything-stack/test/services/file_service_test.dart: MockFileService Image compression compress returns null for invalid input
00:30 +312 ~1 -1: C:/Users/rasche_j/Documents/workspace/everything-stack/test/services/file_service_test.dart: MockFileService Thumbnail generation generateThumbnail returns base64 encoded data URI
00:30 +313 ~1 -1: C:/Users/rasche_j/Documents/workspace/everything-stack/test/services/file_service_test.dart: MockFileService Thumbnail generation generateThumbnail returns null for invalid input
00:30 +314 ~1 -1: C:/Users/rasche_j/Documents/workspace/everything-stack/test/services/file_service_test.dart: MockFileService Thumbnail generation generateThumbnail respects width parameter
00:30 +315 ~1 -1: C:/Users/rasche_j/Documents/workspace/everything-stack/test/services/file_service_test.dart: MockFileService MIME type detection detectMimeType recognizes common image formats
00:30 +316 ~1 -1: C:/Users/rasche_j/Documents/workspace/everything-stack/test/services/file_service_test.dart: MockFileService MIME type detection detectMimeType recognizes audio formats
00:30 +317 ~1 -1: C:/Users/rasche_j/Documents/workspace/everything-stack/test/services/file_service_test.dart: MockFileService MIME type detection detectMimeType recognizes video formats
00:30 +318 ~1 -1: C:/Users/rasche_j/Documents/workspace/everything-stack/test/services/file_service_test.dart: MockFileService MIME type detection detectMimeType recognizes document formats
00:30 +319 ~1 -1: C:/Users/rasche_j/Documents/workspace/everything-stack/test/services/file_service_test.dart: MockFileService MIME type detection detectMimeType is case insensitive
00:30 +320 ~1 -1: C:/Users/rasche_j/Documents/workspace/everything-stack/test/services/file_service_test.dart: MockFileService MIME type detection detectMimeType returns default for unknown
00:30 +321 ~1 -1: C:/Users/rasche_j/Documents/workspace/everything-stack/test/services/file_service_test.dart: MockFileService Lifecycle initialize completes
00:30 +322 ~1 -1: C:/Users/rasche_j/Documents/workspace/everything-stack/test/services/file_service_test.dart: MockFileService Lifecycle dispose completes
00:30 +323 ~1 -1: C:/Users/rasche_j/Documents/workspace/everything-stack/test/services/file_service_test.dart: MockFileService Lifecycle blobStore is accessible
00:30 +324 ~1 -1: C:/Users/rasche_j/Documents/workspace/everything-stack/test/services/file_service_test.dart: BlobStore integration multiple files are stored with unique UUIDs
00:30 +325 ~1 -1: C:/Users/rasche_j/Documents/workspace/everything-stack/test/services/file_service_test.dart: BlobStore integration stored bytes can be retrieved and streamed
00:30 +326 ~1 -1: C:/Users/rasche_j/Documents/workspace/everything-stack/test/services/file_service_test.dart: BlobStore integration deleting from BlobStore removes file bytes
00:31 +327 ~1 -1: C:/Users/rasche_j/Documents/workspace/everything-stack/test/services/hnsw_index_test.dart: HnswIndex creates empty index with correct parameters
00:31 +328 ~1 -1: C:/Users/rasche_j/Documents/workspace/everything-stack/test/services/hnsw_index_test.dart: HnswIndex creates index with custom parameters
00:31 +329 ~1 -1: C:/Users/rasche_j/Documents/workspace/everything-stack/test/services/hnsw_index_test.dart: HnswIndex inserts single vector
00:31 +330 ~1 -1: C:/Users/rasche_j/Documents/workspace/everything-stack/test/services/hnsw_index_test.dart: HnswIndex inserts multiple vectors
00:31 +331 ~1 -1: C:/Users/rasche_j/Documents/workspace/everything-stack/test/services/hnsw_index_test.dart: HnswIndex throws on wrong dimensions
00:31 +332 ~1 -1: C:/Users/rasche_j/Documents/workspace/everything-stack/test/services/hnsw_index_test.dart: HnswIndex throws on duplicate ID
00:31 +333 ~1 -1: C:/Users/rasche_j/Documents/workspace/everything-stack/test/services/hnsw_index_test.dart: HnswIndex returns empty list when searching empty index
00:31 +334 ~1 -1: C:/Users/rasche_j/Documents/workspace/everything-stack/test/services/hnsw_index_test.dart: HnswIndex finds exact match
00:31 +335 ~1 -1: C:/Users/rasche_j/Documents/workspace/everything-stack/test/services/hnsw_index_test.dart: HnswIndex finds nearest neighbors in correct order
00:31 +336 ~1 -1: C:/Users/rasche_j/Documents/workspace/everything-stack/test/services/hnsw_index_test.dart: HnswIndex returns only k results when more exist
00:31 +337 ~1 -1: C:/Users/rasche_j/Documents/workspace/everything-stack/test/services/hnsw_index_test.dart: HnswIndex throws on wrong query dimensions
00:31 +338 ~1 -1: C:/Users/rasche_j/Documents/workspace/everything-stack/test/services/hnsw_index_test.dart: HnswIndex cosine distance is 0 for identical normalized vectors
00:31 +339 ~1 -1: C:/Users/rasche_j/Documents/workspace/everything-stack/test/services/hnsw_index_test.dart: HnswIndex cosine distance is 2 for opposite vectors
00:31 +340 ~1 -1: C:/Users/rasche_j/Documents/workspace/everything-stack/test/services/hnsw_index_test.dart: HnswIndex cosine finds semantically similar vectors
00:31 +341 ~1 -1: C:/Users/rasche_j/Documents/workspace/everything-stack/test/services/hnsw_index_test.dart: HnswIndex deletes existing vector
00:31 +342 ~1 -1: C:/Users/rasche_j/Documents/workspace/everything-stack/test/services/hnsw_index_test.dart: HnswIndex returns false when deleting non-existent vector
00:31 +343 ~1 -1: C:/Users/rasche_j/Documents/workspace/everything-stack/test/services/hnsw_index_test.dart: HnswIndex search works after deletion
00:31 +344 ~1 -1: C:/Users/rasche_j/Documents/workspace/everything-stack/test/services/hnsw_index_test.dart: HnswIndex serializes and deserializes empty index
00:31 +345 ~1 -1: C:/Users/rasche_j/Documents/workspace/everything-stack/test/services/hnsw_index_test.dart: HnswIndex serializes and deserializes index with data
00:31 +346 ~1 -1: C:/Users/rasche_j/Documents/workspace/everything-stack/test/services/hnsw_index_test.dart: HnswIndex search works on deserialized index
00:31 +347 ~1 -1: C:/Users/rasche_j/Documents/workspace/everything-stack/test/services/hnsw_index_test.dart: HnswIndex achieves reasonable recall on random data
00:32 +348 ~1 -1: C:/Users/rasche_j/Documents/workspace/everything-stack/test/services/hnsw_index_test.dart: HnswIndex achieves reasonable recall on random data
00:32 +349 ~1 -1: C:/Users/rasche_j/Documents/workspace/everything-stack/test/services/hnsw_index_test.dart: HnswIndex achieves reasonable recall on random data
00:32 +350 ~1 -1: C:/Users/rasche_j/Documents/workspace/everything-stack/test/services/hnsw_index_test.dart: HnswIndex achieves reasonable recall on random data
00:32 +351 ~1 -1: C:/Users/rasche_j/Documents/workspace/everything-stack/test/services/hnsw_index_test.dart: HnswIndex achieves reasonable recall on random data
00:32 +352 ~1 -1: C:/Users/rasche_j/Documents/workspace/everything-stack/test/services/hnsw_index_test.dart: HnswIndex achieves reasonable recall on random data
00:32 +353 ~1 -1: C:/Users/rasche_j/Documents/workspace/everything-stack/test/services/hnsw_index_test.dart: HnswIndex achieves reasonable recall on random data
00:32 +354 ~1 -1: C:/Users/rasche_j/Documents/workspace/everything-stack/test/services/hnsw_index_test.dart: HnswIndex achieves reasonable recall on random data
00:32 +355 ~1 -1: C:/Users/rasche_j/Documents/workspace/everything-stack/test/services/hnsw_index_test.dart: HnswIndex achieves reasonable recall on random data
00:32 +356 ~1 -1: C:/Users/rasche_j/Documents/workspace/everything-stack/test/services/hnsw_index_test.dart: HnswIndex achieves reasonable recall on random data
00:32 +357 ~1 -1: C:/Users/rasche_j/Documents/workspace/everything-stack/test/services/hnsw_index_test.dart: HnswIndex achieves reasonable recall on random data
00:32 +358 ~1 -1: C:/Users/rasche_j/Documents/workspace/everything-stack/test/services/hnsw_index_test.dart: HnswIndex achieves reasonable recall on random data
00:32 +359 ~1 -1: C:/Users/rasche_j/Documents/workspace/everything-stack/test/services/hnsw_index_test.dart: HnswIndex achieves reasonable recall on random data
00:32 +360 ~1 -1: C:/Users/rasche_j/Documents/workspace/everything-stack/test/services/hnsw_index_test.dart: HnswIndex achieves reasonable recall on random data
00:32 +361 ~1 -1: C:/Users/rasche_j/Documents/workspace/everything-stack/test/services/hnsw_index_test.dart: HnswIndex achieves reasonable recall on random data
00:32 +362 ~1 -1: C:/Users/rasche_j/Documents/workspace/everything-stack/test/services/hnsw_index_test.dart: HnswIndex achieves reasonable recall on random data
00:32 +363 ~1 -1: C:/Users/rasche_j/Documents/workspace/everything-stack/test/services/hnsw_index_test.dart: HnswIndex achieves reasonable recall on random data
00:32 +364 ~1 -1: C:/Users/rasche_j/Documents/workspace/everything-stack/test/services/hnsw_index_test.dart: HnswIndex achieves reasonable recall on random data
00:32 +365 ~1 -1: C:/Users/rasche_j/Documents/workspace/everything-stack/test/services/hnsw_index_test.dart: HnswIndex achieves reasonable recall on random data
00:32 +366 ~1 -1: C:/Users/rasche_j/Documents/workspace/everything-stack/test/services/hnsw_index_test.dart: HnswIndex achieves reasonable recall on random data
00:32 +367 ~1 -1: C:/Users/rasche_j/Documents/workspace/everything-stack/test/services/hnsw_index_test.dart: HnswIndex achieves reasonable recall on random data
00:32 +368 ~1 -1: C:/Users/rasche_j/Documents/workspace/everything-stack/test/services/hnsw_index_test.dart: HnswIndex getStats returns correct information
00:32 +369 ~1 -1: C:/Users/rasche_j/Documents/workspace/everything-stack/test/services/hnsw_index_test.dart: HnswIndex handles single vector index
00:32 +370 ~1 -1: C:/Users/rasche_j/Documents/workspace/everything-stack/test/services/hnsw_index_test.dart: HnswIndex handles zero vector
00:32 +371 ~1 -1: C:/Users/rasche_j/Documents/workspace/everything-stack/test/services/hnsw_index_test.dart: HnswIndex handles large number of insertions
00:33 +372 ~1 -1: C:/Users/rasche_j/Documents/workspace/everything-stack/test/services/hnsw_index_test.dart: HnswIndex handles large number of insertions
00:33 +373 ~1 -1: C:/Users/rasche_j/Documents/workspace/everything-stack/test/services/hnsw_index_test.dart: HnswIndex handles large number of insertions
00:33 +374 ~1 -1: C:/Users/rasche_j/Documents/workspace/everything-stack/test/services/hnsw_index_test.dart: HnswIndex handles large number of insertions
00:33 +375 ~1 -1: C:/Users/rasche_j/Documents/workspace/everything-stack/test/services/hnsw_index_test.dart: HnswIndex handles large number of insertions
00:33 +376 ~1 -1: C:/Users/rasche_j/Documents/workspace/everything-stack/test/services/hnsw_index_test.dart: HnswIndex handles large number of insertions
00:33 +377 ~1 -1: C:/Users/rasche_j/Documents/workspace/everything-stack/test/services/hnsw_index_test.dart: HnswIndex handles large number of insertions
00:33 +378 ~1 -1: C:/Users/rasche_j/Documents/workspace/everything-stack/test/services/hnsw_index_test.dart: HnswIndex handles large number of insertions
00:33 +379 ~1 -1: C:/Users/rasche_j/Documents/workspace/everything-stack/test/services/hnsw_index_test.dart: HnswIndex handles large number of insertions
00:34 +380 ~1 -1: C:/Users/rasche_j/Documents/workspace/everything-stack/test/services/hnsw_index_test.dart: HnswIndex handles large number of insertions
00:34 +381 ~1 -1: C:/Users/rasche_j/Documents/workspace/everything-stack/test/services/hnsw_index_test.dart: HnswIndex handles large number of insertions
00:34 +382 ~1 -1: C:/Users/rasche_j/Documents/workspace/everything-stack/test/services/hnsw_index_test.dart: HnswIndex handles large number of insertions
00:34 +383 ~1 -1: C:/Users/rasche_j/Documents/workspace/everything-stack/test/services/hnsw_index_test.dart: HnswIndex handles large number of insertions
00:34 +384 ~1 -1: C:/Users/rasche_j/Documents/workspace/everything-stack/test/services/hnsw_index_test.dart: HnswIndex handles large number of insertions
00:34 +385 ~1 -1: C:/Users/rasche_j/Documents/workspace/everything-stack/test/services/hnsw_index_test.dart: HnswIndex handles large number of insertions
00:34 +386 ~1 -1: C:/Users/rasche_j/Documents/workspace/everything-stack/test/services/hnsw_index_test.dart: HnswIndex handles large number of insertions
00:34 +387 ~1 -1: C:/Users/rasche_j/Documents/workspace/everything-stack/test/services/hnsw_index_test.dart: HnswIndex handles large number of insertions
00:34 +388 ~1 -1: C:/Users/rasche_j/Documents/workspace/everything-stack/test/services/hnsw_index_test.dart: HnswIndex handles large number of insertions
00:34 +389 ~1 -1: C:/Users/rasche_j/Documents/workspace/everything-stack/test/services/hnsw_index_test.dart: HnswIndex handles large number of insertions
00:34 +390 ~1 -1: C:/Users/rasche_j/Documents/workspace/everything-stack/test/services/hnsw_index_test.dart: HnswIndex handles large number of insertions
00:34 +391 ~1 -1: C:/Users/rasche_j/Documents/workspace/everything-stack/test/services/hnsw_index_test.dart: HnswIndex handles large number of insertions
00:34 +392 ~1 -1: C:/Users/rasche_j/Documents/workspace/everything-stack/test/services/hnsw_index_test.dart: HnswIndex handles large number of insertions
00:34 +393 ~1 -1: C:/Users/rasche_j/Documents/workspace/everything-stack/test/services/hnsw_index_test.dart: HnswIndex handles large number of insertions
00:34 +394 ~1 -1: C:/Users/rasche_j/Documents/workspace/everything-stack/test/services/hnsw_index_test.dart: HnswIndex handles large number of insertions
00:34 +395 ~1 -1: C:/Users/rasche_j/Documents/workspace/everything-stack/test/services/hnsw_index_test.dart: HnswIndex handles large number of insertions
00:34 +396 ~1 -1: C:/Users/rasche_j/Documents/workspace/everything-stack/test/services/hnsw_index_test.dart: HnswIndex handles large number of insertions
00:34 +397 ~1 -1: C:/Users/rasche_j/Documents/workspace/everything-stack/test/services/hnsw_index_test.dart: HnswIndex handles large number of insertions
00:35 +398 ~1 -1: C:/Users/rasche_j/Documents/workspace/everything-stack/test/services/hnsw_index_test.dart: HnswIndex handles large number of insertions
00:35 +399 ~1 -1: C:/Users/rasche_j/Documents/workspace/everything-stack/test/services/hnsw_index_test.dart: HnswIndex handles large number of insertions
00:35 +400 ~1 -1: C:/Users/rasche_j/Documents/workspace/everything-stack/test/services/hnsw_index_test.dart: HnswIndex handles large number of insertions
00:35 +401 ~1 -1: C:/Users/rasche_j/Documents/workspace/everything-stack/test/services/hnsw_index_test.dart: HnswIndex handles large number of insertions
00:35 +402 ~1 -1: C:/Users/rasche_j/Documents/workspace/everything-stack/test/services/hnsw_index_test.dart: HnswIndex handles large number of insertions
00:35 +403 ~1 -1: C:/Users/rasche_j/Documents/workspace/everything-stack/test/services/hnsw_index_test.dart: HnswIndex handles large number of insertions
00:35 +404 ~1 -1: C:/Users/rasche_j/Documents/workspace/everything-stack/test/services/hnsw_index_test.dart: HnswIndex handles large number of insertions
00:35 +405 ~1 -1: C:/Users/rasche_j/Documents/workspace/everything-stack/test/services/hnsw_index_test.dart: HnswIndex handles large number of insertions
00:35 +406 ~1 -1: C:/Users/rasche_j/Documents/workspace/everything-stack/test/services/hnsw_index_test.dart: HnswIndex handles large number of insertions
00:35 +407 ~1 -1: C:/Users/rasche_j/Documents/workspace/everything-stack/test/services/hnsw_index_test.dart: HnswIndex handles large number of insertions
00:35 +408 ~1 -1: C:/Users/rasche_j/Documents/workspace/everything-stack/test/services/hnsw_index_test.dart: HnswIndex handles large number of insertions
00:35 +409 ~1 -1: C:/Users/rasche_j/Documents/workspace/everything-stack/test/services/hnsw_index_test.dart: HnswIndex handles large number of insertions
00:35 +410 ~1 -1: C:/Users/rasche_j/Documents/workspace/everything-stack/test/services/hnsw_index_test.dart: HnswIndex handles large number of insertions
00:35 +411 ~1 -1: C:/Users/rasche_j/Documents/workspace/everything-stack/test/services/hnsw_index_test.dart: HnswIndex handles large number of insertions
00:35 +412 ~1 -1: C:/Users/rasche_j/Documents/workspace/everything-stack/test/services/hnsw_index_test.dart: HnswIndex handles large number of insertions
00:35 +413 ~1 -1: C:/Users/rasche_j/Documents/workspace/everything-stack/test/services/hnsw_index_test.dart: HnswIndex handles large number of insertions
00:35 +414 ~1 -1: C:/Users/rasche_j/Documents/workspace/everything-stack/test/services/hnsw_index_test.dart: HnswIndex handles large number of insertions
00:35 +415 ~1 -1: C:/Users/rasche_j/Documents/workspace/everything-stack/test/services/hnsw_index_test.dart: HnswIndex handles large number of insertions
00:35 +416 ~1 -1: C:/Users/rasche_j/Documents/workspace/everything-stack/test/services/hnsw_index_test.dart: HnswIndex handles large number of insertions
00:35 +417 ~1 -1: C:/Users/rasche_j/Documents/workspace/everything-stack/test/services/hnsw_index_test.dart: HnswIndex handles large number of insertions
00:35 +418 ~1 -1: C:/Users/rasche_j/Documents/workspace/everything-stack/test/services/hnsw_index_test.dart: HnswIndex handles large number of insertions
00:35 +419 ~1 -1: C:/Users/rasche_j/Documents/workspace/everything-stack/test/services/hnsw_index_test.dart: HnswIndex handles large number of insertions
00:35 +420 ~1 -1: C:/Users/rasche_j/Documents/workspace/everything-stack/test/services/hnsw_index_test.dart: HnswIndex handles large number of insertions
00:35 +421 ~1 -1: C:/Users/rasche_j/Documents/workspace/everything-stack/test/services/hnsw_index_test.dart: HnswIndex handles large number of insertions
00:35 +422 ~1 -1: C:/Users/rasche_j/Documents/workspace/everything-stack/test/services/hnsw_index_test.dart: HnswIndex handles large number of insertions
00:35 +423 ~1 -1: C:/Users/rasche_j/Documents/workspace/everything-stack/test/services/hnsw_index_test.dart: HnswIndex handles large number of insertions
00:35 +424 ~1 -1: C:/Users/rasche_j/Documents/workspace/everything-stack/test/services/hnsw_index_test.dart: HnswIndex handles large number of insertions
00:35 +425 ~1 -1: C:/Users/rasche_j/Documents/workspace/everything-stack/test/services/hnsw_index_test.dart: HnswIndex handles large number of insertions
00:35 +426 ~1 -1: C:/Users/rasche_j/Documents/workspace/everything-stack/test/services/hnsw_index_test.dart: HnswIndex handles large number of insertions
00:36 +427 ~1 -1: C:/Users/rasche_j/Documents/workspace/everything-stack/test/services/hnsw_index_test.dart: HnswIndex handles large number of insertions
00:36 +428 ~1 -1: C:/Users/rasche_j/Documents/workspace/everything-stack/test/services/hnsw_index_test.dart: HnswIndex handles large number of insertions
00:36 +429 ~1 -1: C:/Users/rasche_j/Documents/workspace/everything-stack/test/services/hnsw_index_test.dart: HnswIndex handles large number of insertions
00:36 +430 ~1 -1: C:/Users/rasche_j/Documents/workspace/everything-stack/test/services/hnsw_index_test.dart: HnswIndex handles large number of insertions
00:36 +431 ~1 -1: C:/Users/rasche_j/Documents/workspace/everything-stack/test/services/hnsw_index_test.dart: HnswIndex handles large number of insertions
00:36 +432 ~1 -1: C:/Users/rasche_j/Documents/workspace/everything-stack/test/services/hnsw_index_test.dart: HnswIndex handles large number of insertions
00:36 +433 ~1 -1: C:/Users/rasche_j/Documents/workspace/everything-stack/test/services/hnsw_index_test.dart: HnswIndex handles large number of insertions
00:36 +433 ~1 -1: C:/Users/rasche_j/Documents/workspace/everything-stack/test/services/timeout_and_streaming_test.dart: STTService DeepgramSTTService initializes
  Skip: STT implementations deferred to Phase 1
00:36 +433 ~2 -1: C:/Users/rasche_j/Documents/workspace/everything-stack/test/services/hnsw_index_test.dart: HnswIndex handles large number of insertions
00:36 +434 ~2 -1: C:/Users/rasche_j/Documents/workspace/everything-stack/test/services/hnsw_index_test.dart: HnswIndex handles large number of insertions
00:36 +434 ~2 -1: C:/Users/rasche_j/Documents/workspace/everything-stack/test/services/timeout_and_streaming_test.dart: TTSService NullTTSService fails gracefully
Warning: TTS unavailable - using NullTTSService
00:36 +435 ~2 -1: C:/Users/rasche_j/Documents/workspace/everything-stack/test/services/hnsw_index_test.dart: HnswIndex handles large number of insertions
00:36 +435 ~2 -1: C:/Users/rasche_j/Documents/workspace/everything-stack/test/services/timeout_and_streaming_test.dart: TTSService GoogleTTSService initializes
  Skip: TTS implementations deferred to Phase 1
00:36 +435 ~3 -1: C:/Users/rasche_j/Documents/workspace/everything-stack/test/services/hnsw_index_test.dart: HnswIndex handles large number of insertions
00:36 +436 ~3 -1: C:/Users/rasche_j/Documents/workspace/everything-stack/test/services/hnsw_index_test.dart: HnswIndex handles large number of insertions
00:36 +436 ~3 -1: C:/Users/rasche_j/Documents/workspace/everything-stack/test/services/timeout_and_streaming_test.dart: LLMService NullLLMService fails gracefully
Warning: LLM unavailable - using NullLLMService
00:36 +437 ~3 -1: C:/Users/rasche_j/Documents/workspace/everything-stack/test/services/hnsw_index_test.dart: HnswIndex handles large number of insertions
00:36 +438 ~3 -1: C:/Users/rasche_j/Documents/workspace/everything-stack/test/services/hnsw_index_test.dart: HnswIndex handles large number of insertions
00:36 +439 ~3 -1: C:/Users/rasche_j/Documents/workspace/everything-stack/test/services/hnsw_index_test.dart: HnswIndex handles large number of insertions
00:36 +440 ~3 -1: C:/Users/rasche_j/Documents/workspace/everything-stack/test/services/hnsw_index_test.dart: HnswIndex handles large number of insertions
00:36 +441 ~3 -1: C:/Users/rasche_j/Documents/workspace/everything-stack/test/services/hnsw_index_test.dart: HnswIndex handles large number of insertions
00:36 +442 ~3 -1: C:/Users/rasche_j/Documents/workspace/everything-stack/test/services/hnsw_index_test.dart: HnswIndex handles large number of insertions
00:36 +443 ~3 -1: C:/Users/rasche_j/Documents/workspace/everything-stack/test/services/hnsw_index_test.dart: HnswIndex handles large number of insertions
00:36 +444 ~3 -1: C:/Users/rasche_j/Documents/workspace/everything-stack/test/services/hnsw_index_test.dart: HnswIndex handles large number of insertions
00:36 +445 ~3 -1: C:/Users/rasche_j/Documents/workspace/everything-stack/test/services/hnsw_index_test.dart: HnswIndex handles large number of insertions
00:36 +446 ~3 -1: C:/Users/rasche_j/Documents/workspace/everything-stack/test/services/hnsw_index_test.dart: HnswIndex handles large number of insertions
00:36 +447 ~3 -1: C:/Users/rasche_j/Documents/workspace/everything-stack/test/services/hnsw_index_test.dart: HnswIndex handles large number of insertions
00:36 +448 ~3 -1: C:/Users/rasche_j/Documents/workspace/everything-stack/test/services/hnsw_index_test.dart: HnswIndex handles large number of insertions
00:36 +449 ~3 -1: C:/Users/rasche_j/Documents/workspace/everything-stack/test/services/hnsw_index_test.dart: HnswIndex handles large number of insertions
00:36 +450 ~3 -1: C:/Users/rasche_j/Documents/workspace/everything-stack/test/services/hnsw_index_test.dart: HnswIndex handles large number of insertions
00:36 +451 ~3 -1: C:/Users/rasche_j/Documents/workspace/everything-stack/test/services/hnsw_index_test.dart: HnswIndex handles large number of insertions
00:36 +452 ~3 -1: C:/Users/rasche_j/Documents/workspace/everything-stack/test/services/hnsw_index_test.dart: HnswIndex handles large number of insertions
00:36 +453 ~3 -1: C:/Users/rasche_j/Documents/workspace/everything-stack/test/services/hnsw_index_test.dart: HnswIndex handles large number of insertions
00:36 +454 ~3 -1: C:/Users/rasche_j/Documents/workspace/everything-stack/test/services/hnsw_index_test.dart: HnswIndex handles large number of insertions
00:36 +455 ~3 -1: C:/Users/rasche_j/Documents/workspace/everything-stack/test/services/hnsw_index_test.dart: HnswIndex handles large number of insertions
00:36 +456 ~3 -1: C:/Users/rasche_j/Documents/workspace/everything-stack/test/services/hnsw_index_test.dart: HnswIndex handles large number of insertions
00:36 +457 ~3 -1: C:/Users/rasche_j/Documents/workspace/everything-stack/test/services/hnsw_index_test.dart: HnswIndex handles large number of insertions
00:36 +458 ~3 -1: C:/Users/rasche_j/Documents/workspace/everything-stack/test/services/hnsw_index_test.dart: HnswIndex handles large number of insertions
00:38 +459 ~3 -1: C:/Users/rasche_j/Documents/workspace/everything-stack/test/services/hnsw_index_test.dart: HnswIndex handles large number of insertions
00:39 +460 ~3 -1: C:/Users/rasche_j/Documents/workspace/everything-stack/test/services/hnsw_index_test.dart: HnswIndex handles realistic UUID format
00:39 +461 ~3 -1: C:/Users/rasche_j/Documents/workspace/everything-stack/test/services/hnsw_index_test.dart: HnswIndex serializes and deserializes UUIDs correctly
00:39 +462 ~3 -1: Some tests failed.
